Component: ARM Compiler 5.05 update 1 (build 106) Tool: armlink [4d35ed]

==============================================================================

Section Cross References

    hc595.o(i.out595_datdu) refers to systick.o(i.SysTick_delay_us) for SysTick_delay_us
    hc595.o(i.show_Chinese) refers to hc595.o(i.GPIO_INIT) for GPIO_INIT
    hc595.o(i.show_Chinese) refers to hc595.o(i.out595_datdu) for out595_datdu
    hc595.o(i.show_Chinese) refers to systick.o(i.SysTick_delay_us) for SysTick_delay_us
    hc595.o(i.show_Chinese) refers to hc595.o(.bss) for .bss
    hc595.o(i.show_many_Chinese) refers to hc595.o(i.GPIO_INIT) for GPIO_INIT
    hc595.o(i.show_many_Chinese) refers to w25q64.o(i.w25q64_read) for w25q64_read
    hc595.o(i.show_many_Chinese) refers to strlen.o(.text) for strlen
    hc595.o(i.show_many_Chinese) refers to key.o(i.key_scan) for key_scan
    hc595.o(i.show_many_Chinese) refers to hc595.o(i.out595_datdu) for out595_datdu
    hc595.o(i.show_many_Chinese) refers to systick.o(i.SysTick_delay_us) for SysTick_delay_us
    hc595.o(i.show_many_Chinese) refers to hc595.o(.bss) for .bss
    hc595.o(i.show_string) refers to hc595.o(i.GPIO_INIT) for GPIO_INIT
    hc595.o(i.show_string) refers to strlen.o(.text) for strlen
    hc595.o(i.show_string) refers to key.o(i.key_scan) for key_scan
    hc595.o(i.show_string) refers to hc595.o(i.out595_datdu) for out595_datdu
    hc595.o(i.show_string) refers to systick.o(i.SysTick_delay_us) for SysTick_delay_us
    hc595.o(i.show_string) refers to hc595.o(.constdata) for .constdata
    hc595.o(i.show_string) refers to hc595.o(.bss) for .bss
    hc595.o(i.show_time) refers to memcpya.o(.text) for __aeabi_memcpy4
    hc595.o(i.show_time) refers to hc595.o(i.GPIO_INIT) for GPIO_INIT
    hc595.o(i.show_time) refers to rtc.o(i.rtc_get) for rtc_get
    hc595.o(i.show_time) refers to printf8.o(i.__0sprintf$8) for __2sprintf
    hc595.o(i.show_time) refers to strlen.o(.text) for strlen
    hc595.o(i.show_time) refers to key.o(i.key_scan) for key_scan
    hc595.o(i.show_time) refers to hc595.o(i.out595_datdu) for out595_datdu
    hc595.o(i.show_time) refers to systick.o(i.SysTick_delay_us) for SysTick_delay_us
    hc595.o(i.show_time) refers to hc595.o(.constdata) for .constdata
    hc595.o(i.show_time) refers to hc595.o(.bss) for .bss
    hc595.o(i.show_time) refers to rtc.o(.data) for rtc_dev
    key.o(i.key_scan) refers to systick.o(i.SysTick_delay_ms) for SysTick_delay_ms
    key.o(i.key_scan) refers to key.o(.data) for .data
    main.o(i.main) refers to misc.o(i.NVIC_PriorityGroupConfig) for NVIC_PriorityGroupConfig
    main.o(i.main) refers to delay.o(i.delay_init) for delay_init
    main.o(i.main) refers to debug.o(i.debug_init) for debug_init
    main.o(i.main) refers to led.o(i.LED_Init) for LED_Init
    main.o(i.main) refers to w25qxx.o(i.W25QXX_Init) for W25QXX_Init
    main.o(i.main) refers to printf8.o(i.__0printf$8) for __2printf
    main.o(i.main) refers to tasks.o(i.xTaskCreate) for xTaskCreate
    main.o(i.main) refers to queue.o(i.xQueueGenericReceive) for xQueueGenericReceive
    main.o(i.main) refers to strrchr.o(.text) for strrchr
    main.o(i.main) refers to queue.o(i.xQueueGenericSend) for xQueueGenericSend
    main.o(i.main) refers to tasks.o(i.vTaskStartScheduler) for vTaskStartScheduler
    main.o(i.main) refers to main.o(.conststring) for .conststring
    main.o(i.main) refers to system.o(i.AppTask) for AppTask
    main.o(i.main) refers to debug.o(.data) for debugMutex
    main.o(i.main) refers to main.o(.constdata) for .constdata
    rtc.o(i.rtc_get) refers to rtc.o(i.bcdtodec) for bcdtodec
    rtc.o(i.rtc_init) refers to rtc.o(i.rtc_set) for rtc_set
    rtc.o(i.rtc_init) refers to rtc.o(.data) for .data
    rtc.o(i.rtc_set) refers to rtc.o(i.dectobcd) for dectobcd
    spi.o(i.SPI1_Init) refers to stm32f4xx_rcc.o(i.RCC_AHB1PeriphClockCmd) for RCC_AHB1PeriphClockCmd
    spi.o(i.SPI1_Init) refers to stm32f4xx_rcc.o(i.RCC_APB2PeriphClockCmd) for RCC_APB2PeriphClockCmd
    spi.o(i.SPI1_Init) refers to stm32f4xx_gpio.o(i.GPIO_Init) for GPIO_Init
    spi.o(i.SPI1_Init) refers to stm32f4xx_gpio.o(i.GPIO_PinAFConfig) for GPIO_PinAFConfig
    spi.o(i.SPI1_Init) refers to stm32f4xx_rcc.o(i.RCC_APB2PeriphResetCmd) for RCC_APB2PeriphResetCmd
    spi.o(i.SPI1_Init) refers to stm32f4xx_spi.o(i.SPI_Init) for SPI_Init
    spi.o(i.SPI1_Init) refers to stm32f4xx_spi.o(i.SPI_Cmd) for SPI_Cmd
    spi.o(i.SPI1_Init) refers to spi.o(i.SPI1_ReadWriteByte) for SPI1_ReadWriteByte
    spi.o(i.SPI1_ReadWriteByte) refers to stm32f4xx_spi.o(i.SPI_I2S_GetFlagStatus) for SPI_I2S_GetFlagStatus
    spi.o(i.SPI1_ReadWriteByte) refers to stm32f4xx_spi.o(i.SPI_I2S_SendData) for SPI_I2S_SendData
    spi.o(i.SPI1_ReadWriteByte) refers to stm32f4xx_spi.o(i.SPI_I2S_ReceiveData) for SPI_I2S_ReceiveData
    spi.o(i.SPI1_Send_Read) refers to stm32f4xx_spi.o(i.SPI_I2S_GetFlagStatus) for SPI_I2S_GetFlagStatus
[...]
    _printf_truncate_unsigned                0x00000000   Number         0  stubs.o ABSOLUTE
    _printf_u                                0x00000000   Number         0  stubs.o ABSOLUTE
    _printf_wc                               0x00000000   Number         0  stubs.o ABSOLUTE
    _printf_wctomb                           0x00000000   Number         0  stubs.o ABSOLUTE
    _printf_widthprec                        0x00000000   Number         0  stubs.o ABSOLUTE
    _printf_x                                0x00000000   Number         0  stubs.o ABSOLUTE
    __cpp_initialize__aeabi_                  - Undefined Weak Reference
    __cxa_finalize                            - Undefined Weak Reference
    _clock_init                               - Undefined Weak Reference
    _microlib_exit                            - Undefined Weak Reference
    _scanf_longlong                           - Undefined Weak Reference
    _scanf_real                               - Undefined Weak Reference
    _scanf_string                             - Undefined Weak Reference
    __Vectors_Size                           0x00000188   Number         0  startup_stm32f40_41xxx.o ABSOLUTE
    __Vectors                                0x08000000   Data           4  startup_stm32f40_41xxx.o(RESET)
    __Vectors_End                            0x08000188   Data           0  startup_stm32f40_41xxx.o(RESET)
    __main                                   0x08000189   Thumb Code     0  entry.o(.ARM.Collect$$$$00000000)
    _main_stk                                0x08000189   Thumb Code     0  entry2.o(.ARM.Collect$$$$00000001)
    _main_scatterload                        0x0800018d   Thumb Code     0  entry5.o(.ARM.Collect$$$$00000004)
    __main_after_scatterload                 0x08000191   Thumb Code     0  entry5.o(.ARM.Collect$$$$00000004)
    _main_clock                              0x08000191   Thumb Code     0  entry7b.o(.ARM.Collect$$$$00000008)
    _main_cpp_init                           0x08000191   Thumb Code     0  entry8b.o(.ARM.Collect$$$$0000000A)
    _main_init                               0x08000191   Thumb Code     0  entry9a.o(.ARM.Collect$$$$0000000B)
    __rt_final_cpp                           0x08000199   Thumb Code     0  entry10a.o(.ARM.Collect$$$$0000000D)
    __rt_final_exit                          0x08000199   Thumb Code     0  entry11a.o(.ARM.Collect$$$$0000000F)
    SVC_Handler                              0x0800019d   Thumb Code    28  port.o(.emb_text)
    __asm___6_port_c_39a90d8d__prvStartFirstTask 0x080001bd   Thumb Code    28  port.o(.emb_text)
    __asm___6_port_c_39a90d8d__prvEnableVFP  0x080001dd   Thumb Code    16  port.o(.emb_text)
    PendSV_Handler                           0x080001f1   Thumb Code    88  port.o(.emb_text)
    vPortGetIPSR                             0x0800024d   Thumb Code     6  port.o(.emb_text)
    Reset_Handler                            0x08000255   Thumb Code     8  startup_stm32f40_41xxx.o(.text)
    ADC_IRQHandler                           0x0800026f   Thumb Code     0  startup_stm32f40_41xxx.o(.text)
    CAN1_RX0_IRQHandler                      0x0800026f   Thumb Code     0  startup_stm32f40_41xxx.o(.text)
    CAN1_RX1_IRQHandler                      0x0800026f   Thumb Code     0  startup_stm32f40_41xxx.o(.text)
    CAN1_SCE_IRQHandler                      0x0800026f   Thumb Code     0  startup_stm32f40_41xxx.o(.text)
    CAN1_TX_IRQHandler                       0x0800026f   Thumb Code     0  startup_stm32f40_41xxx.o(.text)
    CAN2_RX0_IRQHandler                      0x0800026f   Thumb Code     0  startup_stm32f40_41xxx.o(.text)
    CAN2_RX1_IRQHandler                      0x0800026f   Thumb Code     0  startup_stm32f40_41xxx.o(.text)
    CAN2_SCE_IRQHandler                      0x0800026f   Thumb Code     0  startup_stm32f40_41xxx.o(.text)
    CAN2_TX_IRQHandler                       0x0800026f   Thumb Code     0  startup_stm32f40_41xxx.o(.text)
    CRYP_IRQHandler                          0x0800026f   Thumb Code     0  startup_stm32f40_41xxx.o(.text)
    DCMI_IRQHandler                          0x0800026f   Thumb Code     0  startup_stm32f40_41xxx.o(.text)
    DMA1_Stream0_IRQHandler                  0x0800026f   Thumb Code     0  startup_stm32f40_41xxx.o(.text)
    DMA1_Stream1_IRQHandler                  0x0800026f   Thumb Code     0  startup_stm32f40_41xxx.o(.text)
    DMA1_Stream2_IRQHandler                  0x0800026f   Thumb Code     0  startup_stm32f40_41xxx.o(.text)
    DMA1_Stream3_IRQHandler                  0x0800026f   Thumb Code     0  startup_stm32f40_41xxx.o(.text)
    DMA1_Stream4_IRQHandler                  0x0800026f   Thumb Code     0  startup_stm32f40_41xxx.o(.text)
    DMA1_Stream5_IRQHandler                  0x0800026f   Thumb Code     0  startup_stm32f40_41xxx.o(.text)
    DMA1_Stream6_IRQHandler                  0x0800026f   Thumb Code     0  startup_stm32f40_41xxx.o(.text)
    DMA1_Stream7_IRQHandler                  0x0800026f   Thumb Code     0  startup_stm32f40_41xxx.o(.text)
    DMA2_Stream0_IRQHandler                  0x0800026f   Thumb Code     0  startup_stm32f40_41xxx.o(.text)
    DMA2_Stream1_IRQHandler                  0x0800026f   Thumb Code     0  startup_stm32f40_41xxx.o(.text)
    DMA2_Stream2_IRQHandler                  0x0800026f   Thumb Code     0  startup_stm32f40_41xxx.o(.text)
    DMA2_Stream3_IRQHandler                  0x0800026f   Thumb Code     0  startup_stm32f40_41xxx.o(.text)
    DMA2_Stream4_IRQHandler                  0x0800026f   Thumb Code     0  startup_stm32f40_41xxx.o(.text)
    DMA2_Stream5_IRQHandler                  0x0800026f   Thumb Code     0  startup_stm32f40_41xxx.o(.text)
    DMA2_Stream6_IRQHandler                  0x0800026f   Thumb Code     0  startup_stm32f40_41xxx.o(.text)
    DMA2_Stream7_IRQHandler                  0x0800026f   Thumb Code     0  startup_stm32f40_41xxx.o(.text)
    ETH_IRQHandler                           0x0800026f   Thumb Code     0  startup_stm32f40_41xxx.o(.text)
    ETH_WKUP_IRQHandler                      0x0800026f   Thumb Code     0  startup_stm32f40_41xxx.o(.text)
    EXTI0_IRQHandler                         0x0800026f   Thumb Code     0  startup_stm32f40_41xxx.o(.text)
    EXTI15_10_IRQHandler                     0x0800026f   Thumb Code     0  startup_stm32f40_41xxx.o(.text)
    EXTI1_IRQHandler                         0x0800026f   Thumb Code     0  startup_stm32f40_41xxx.o(.text)
    EXTI2_IRQHandler                         0x0800026f   Thumb Code     0  startup_stm32f40_41xxx.o(.text)
    EXTI3_IRQHandler                         0x0800026f   Thumb Code     0  startup_stm32f40_41xxx.o(.text)
    EXTI4_IRQHandler                         0x0800026f   Thumb Code     0  startup_stm32f40_41xxx.o(.text)
    EXTI9_5_IRQHandler                       0x0800026f   Thumb Code     0  startup_stm32f40_41xxx.o(.text)
    FLASH_IRQHandler                         0x0800026f   Thumb Code     0  startup_stm32f40_41xxx.o(.text)
    FPU_IRQHandler                           0x0800026f   Thumb Code     0  startup_stm32f40_41xxx.o(.text)
    FSMC_IRQHandler                          0x0800026f   Thumb Code     0  startup_stm32f40_41xxx.o(.text)
    HASH_RNG_IRQHandler                      0x0800026f   Thumb Code     0  startup_stm32f40_41xxx.o(.text)
    I2C1_ER_IRQHandler                       0x0800026f   Thumb Code     0  startup_stm32f40_41xxx.o(.text)
    I2C1_EV_IRQHandler                       0x0800026f   Thumb Code     0  startup_stm32f40_41xxx.o(.text)
    I2C2_ER_IRQHandler                       0x0800026f   Thumb Code     0  startup_stm32f40_41xxx.o(.text)
    I2C2_EV_IRQHandler                       0x0800026f   Thumb Code     0  startup_stm32f40_41xxx.o(.text)
    I2C3_ER_IRQHandler                       0x0800026f   Thumb Code     0  startup_stm32f40_41xxx.o(.text)
    I2C3_EV_IRQHandler                       0x0800026f   Thumb Code     0  startup_stm32f40_41xxx.o(.text)
    OTG_FS_WKUP_IRQHandler                   0x0800026f   Thumb Code     0  startup_stm32f40_41xxx.o(.text)
    OTG_HS_EP1_IN_IRQHandler                 0x0800026f   Thumb Code     0  startup_stm32f40_41xxx.o(.text)
    OTG_HS_EP1_OUT_IRQHandler                0x0800026f   Thumb Code     0  startup_stm32f40_41xxx.o(.text)
    OTG_HS_IRQHandler                        0x0800026f   Thumb Code     0  startup_stm32f40_41xxx.o(.text)
    OTG_HS_WKUP_IRQHandler                   0x0800026f   Thumb Code     0  startup_stm32f40_41xxx.o(.text)
    PVD_IRQHandler                           0x0800026f   Thumb Code     0  startup_stm32f40_41xxx.o(.text)
    RCC_IRQHandler                           0x0800026f   Thumb Code     0  startup_stm32f40_41xxx.o(.text)
    RTC_Alarm_IRQHandler                     0x0800026f   Thumb Code     0  startup_stm32f40_41xxx.o(.text)
    RTC_WKUP_IRQHandler                      0x0800026f   Thumb Code     0  startup_stm32f40_41xxx.o(.text)
    SPI1_IRQHandler                          0x0800026f   Thumb Code     0  startup_stm32f40_41xxx.o(.text)
    SPI2_IRQHandler                          0x0800026f   Thumb Code     0  startup_stm32f40_41xxx.o(.text)
    SPI3_IRQHandler                          0x0800026f   Thumb Code     0  startup_stm32f40_41xxx.o(.text)
    TAMP_STAMP_IRQHandler                    0x0800026f   Thumb Code     0  startup_stm32f40_41xxx.o(.text)
    TIM1_BRK_TIM9_IRQHandler                 0x0800026f   Thumb Code     0  startup_stm32f40_41xxx.o(.text)
    TIM1_CC_IRQHandler                       0x0800026f   Thumb Code     0  startup_stm32f40_41xxx.o(.text)
    TIM1_TRG_COM_TIM11_IRQHandler            0x0800026f   Thumb Code     0  startup_stm32f40_41xxx.o(.text)
    TIM1_UP_TIM10_IRQHandler                 0x0800026f   Thumb Code     0  startup_stm32f40_41xxx.o(.text)
    TIM2_IRQHandler                          0x0800026f   Thumb Code     0  startup_stm32f40_41xxx.o(.text)
    TIM3_IRQHandler                          0x0800026f   Thumb Code     0  startup_stm32f40_41xxx.o(.text)
    TIM4_IRQHandler                          0x0800026f   Thumb Code     0  startup_stm32f40_41xxx.o(.text)
    TIM5_IRQHandler                          0x0800026f   Thumb Code     0  startup_stm32f40_41xxx.o(.text)
    TIM6_DAC_IRQHandler                      0x0800026f   Thumb Code     0  startup_stm32f40_41xxx.o(.text)
    TIM7_IRQHandler                          0x0800026f   Thumb Code     0  startup_stm32f40_41xxx.o(.text)
    TIM8_BRK_TIM12_IRQHandler                0x0800026f   Thumb Code     0  startup_stm32f40_41xxx.o(.text)
    TIM8_CC_IRQHandler                       0x0800026f   Thumb Code     0  startup_stm32f40_41xxx.o(.text)
    TIM8_TRG_COM_TIM14_IRQHandler            0x0800026f   Thumb Code     0  startup_stm32f40_41xxx.o(.text)
    TIM8_UP_TIM13_IRQHandler                 0x0800026f   Thumb Code     0  startup_stm32f40_41xxx.o(.text)
    UART4_IRQHandler                         0x0800026f   Thumb Code     0  startup_stm32f40_41xxx.o(.text)
    UART5_IRQHandler                         0x0800026f   Thumb Code     0  startup_stm32f40_41xxx.o(.text)
    USART3_IRQHandler                        0x0800026f   Thumb Code     0  startup_stm32f40_41xxx.o(.text)
    USART6_IRQHandler                        0x0800026f   Thumb Code     0  startup_stm32f40_41xxx.o(.text)
    WWDG_IRQHandler                          0x0800026f   Thumb Code     0  startup_stm32f40_41xxx.o(.text)
    __aeabi_uldivmod                         0x08000279   Thumb Code    98  uldiv.o(.text)
    __aeabi_memcpy                           0x080002db   Thumb Code    36  memcpya.o(.text)
    __aeabi_memcpy4                          0x080002db   Thumb Code     0  memcpya.o(.text)
    __aeabi_memcpy8                          0x080002db   Thumb Code     0  memcpya.o(.text)
    __aeabi_memset                           0x080002ff   Thumb Code    14  memseta.o(.text)
    __aeabi_memset4                          0x080002ff   Thumb Code     0  memseta.o(.text)
    __aeabi_memset8                          0x080002ff   Thumb Code     0  memseta.o(.text)
    __aeabi_memclr                           0x0800030d   Thumb Code     4  memseta.o(.text)
    __aeabi_memclr4                          0x0800030d   Thumb Code     0  memseta.o(.text)
    __aeabi_memclr8                          0x0800030d   Thumb Code     0  memseta.o(.text)
    _memset$wrapper                          0x08000311   Thumb Code    18  memseta.o(.text)
    strrchr                                  0x08000323   Thumb Code    32  strrchr.o(.text)
    __aeabi_llsl                             0x08000343   Thumb Code    30  llshl.o(.text)
    _ll_shift_l                              0x08000343   Thumb Code     0  llshl.o(.text)
    __aeabi_llsr                             0x08000361   Thumb Code    32  llushr.o(.text)
    _ll_ushift_r                             0x08000361   Thumb Code     0  llushr.o(.text)
    __scatterload                            0x08000381   Thumb Code    28  init.o(.text)
    __scatterload_rt2                        0x08000381   Thumb Code     0  init.o(.text)
    __decompress                             0x080003a5   Thumb Code     0  __dczerorl2.o(.text)
    __decompress1                            0x080003a5   Thumb Code    86  __dczerorl2.o(.text)
    AppTask                                  0x080003fd   Thumb Code    20  system.o(i.AppTask)
    BusFault_Handler                         0x08000429   Thumb Code     2  stm32f4xx_it.o(i.BusFault_Handler)
    CmdResp1Error                            0x0800042d   Thumb Code    66  sdio_sdcard.o(i.CmdResp1Error)
    DCD_EP_Close                             0x08000479   Thumb Code    44  usb_dcd.o(i.DCD_EP_Close)
    DCD_EP_ClrStall                          0x080004a5   Thumb Code    56  usb_dcd.o(i.DCD_EP_ClrStall)
    DCD_EP_Flush                             0x080004dd   Thumb Code    24  usb_dcd.o(i.DCD_EP_Flush)
    DCD_EP_Open                              0x080004f5   Thumb Code    60  usb_dcd.o(i.DCD_EP_Open)
    DCD_EP_PrepareRx                         0x08000531   Thumb Code    56  usb_dcd.o(i.DCD_EP_PrepareRx)
    DCD_EP_SetAddress                        0x08000569   Thumb Code    16  usb_dcd.o(i.DCD_EP_SetAddress)
    DCD_EP_Stall                             0x08000579   Thumb Code    56  usb_dcd.o(i.DCD_EP_Stall)
    DCD_EP_Tx                                0x080005b1   Thumb Code    52  usb_dcd.o(i.DCD_EP_Tx)
    DCD_Init                                 0x080009c9   Thumb Code   136  usb_dcd.o(i.DCD_Init)
    DebugMon_Handler                         0x08000b2d   Thumb Code     2  stm32f4xx_it.o(i.DebugMon_Handler)
    GPIO_Init                                0x08000b2f   Thumb Code   124  stm32f4xx_gpio.o(i.GPIO_Init)
    GPIO_PinAFConfig                         0x08000bab   Thumb Code    32  stm32f4xx_gpio.o(i.GPIO_PinAFConfig)
    GPIO_SetBits                             0x08000bcb   Thumb Code     4  stm32f4xx_gpio.o(i.GPIO_SetBits)
    HardFault_Handler                        0x08000bcf   Thumb Code     2  stm32f4xx_it.o(i.HardFault_Handler)
    LED_Init                                 0x08000bd1   Thumb Code   206  led.o(i.LED_Init)
    MSC_BOT_CplClrFeature                    0x08000d95   Thumb Code    40  usbd_msc_bot.o(i.MSC_BOT_CplClrFeature)
    MSC_BOT_DataIn                           0x08000dc1   Thumb Code    64  usbd_msc_bot.o(i.MSC_BOT_DataIn)
    MSC_BOT_DataOut                          0x08000e09   Thumb Code    58  usbd_msc_bot.o(i.MSC_BOT_DataOut)
    MSC_BOT_DeInit                           0x08000e4d   Thumb Code     8  usbd_msc_bot.o(i.MSC_BOT_DeInit)
    MSC_BOT_Init                             0x08000e59   Thumb Code    54  usbd_msc_bot.o(i.MSC_BOT_Init)
    MSC_BOT_Reset                            0x08000e9d   Thumb Code    20  usbd_msc_bot.o(i.MSC_BOT_Reset)
    MSC_BOT_SendCSW                          0x08000eb9   Thumb Code    48  usbd_msc_bot.o(i.MSC_BOT_SendCSW)
    MemManage_Handler                        0x08000f2d   Thumb Code     2  stm32f4xx_it.o(i.MemManage_Handler)
    NMI_Handler                              0x08000f2f   Thumb Code     2  stm32f4xx_it.o(i.NMI_Handler)
    NVIC_Init                                0x08000f31   Thumb Code    98  misc.o(i.NVIC_Init)
    NVIC_PriorityGroupConfig                 0x08000f99   Thumb Code    10  misc.o(i.NVIC_PriorityGroupConfig)
    OTG_FS_IRQHandler                        0x08000fad   Thumb Code     6  usbd_usr.o(i.OTG_FS_IRQHandler)
    RCC_AHB1PeriphClockCmd                   0x08000fb9   Thumb Code    22  stm32f4xx_rcc.o(i.RCC_AHB1PeriphClockCmd)
    RCC_AHB2PeriphClockCmd                   0x08000fd5   Thumb Code    22  stm32f4xx_rcc.o(i.RCC_AHB2PeriphClockCmd)
    RCC_APB1PeriphClockCmd                   0x08000ff1   Thumb Code    22  stm32f4xx_rcc.o(i.RCC_APB1PeriphClockCmd)
    RCC_APB2PeriphClockCmd                   0x0800100d   Thumb Code    22  stm32f4xx_rcc.o(i.RCC_APB2PeriphClockCmd)
    RCC_APB2PeriphResetCmd                   0x08001029   Thumb Code    22  stm32f4xx_rcc.o(i.RCC_APB2PeriphResetCmd)
    RCC_GetClocksFreq                        0x08001045   Thumb Code   148  stm32f4xx_rcc.o(i.RCC_GetClocksFreq)
    SCSI_ProcessCmd                          0x080011a9   Thumb Code   182  usbd_msc_scsi.o(i.SCSI_ProcessCmd)
    SCSI_SenseCode                           0x080015bd   Thumb Code    36  usbd_msc_scsi.o(i.SCSI_SenseCode)
    SDIO_IRQHandler                          0x0800177d   Thumb Code     4  sdio_sdcard.o(i.SDIO_IRQHandler)
    SDIO_Send_Cmd                            0x08001781   Thumb Code    30  sdio_sdcard.o(i.SDIO_Send_Cmd)
    SD_ProcessIRQSrc                         0x080017a5   Thumb Code   210  sdio_sdcard.o(i.SD_ProcessIRQSrc)
    SPI1_Init                                0x08001881   Thumb Code   186  spi.o(i.SPI1_Init)
    SPI1_ReadWriteByte                       0x08001945   Thumb Code    48  spi.o(i.SPI1_ReadWriteByte)
    SPI1_SetSpeed                            0x08001979   Thumb Code    24  spi.o(i.SPI1_SetSpeed)
    SPI_Cmd                                  0x08001995   Thumb Code    24  stm32f4xx_spi.o(i.SPI_Cmd)
    SPI_I2S_GetFlagStatus                    0x080019ad   Thumb Code    14  stm32f4xx_spi.o(i.SPI_I2S_GetFlagStatus)
    SPI_I2S_ReceiveData                      0x080019bb   Thumb Code     4  stm32f4xx_spi.o(i.SPI_I2S_ReceiveData)
    SPI_I2S_SendData                         0x080019bf   Thumb Code     4  stm32f4xx_spi.o(i.SPI_I2S_SendData)
    SPI_Init                                 0x080019c3   Thumb Code    56  stm32f4xx_spi.o(i.SPI_Init)
    STORAGE_GetCapacity                      0x080019fd   Thumb Code    30  usbd_storage_msd.o(i.STORAGE_GetCapacity)
    STORAGE_GetMaxLun                        0x08001a29   Thumb Code    14  usbd_storage_msd.o(i.STORAGE_GetMaxLun)
    STORAGE_Init                             0x08001a45   Thumb Code    18  usbd_storage_msd.o(i.STORAGE_Init)
    STORAGE_IsReady                          0x08001a65   Thumb Code    24  usbd_storage_msd.o(i.STORAGE_IsReady)
    STORAGE_IsWriteProtected                 0x08001a8d   Thumb Code    14  usbd_storage_msd.o(i.STORAGE_IsWriteProtected)
    STORAGE_Read                             0x08001aa9   Thumb Code    48  usbd_storage_msd.o(i.STORAGE_Read)
    STORAGE_Write                            0x08001b01   Thumb Code    56  usbd_storage_msd.o(i.STORAGE_Write)
    SysTick_CLKSourceConfig                  0x08001c25   Thumb Code    28  misc.o(i.SysTick_CLKSourceConfig)
    SysTick_Handler                          0x08001c41   Thumb Code    20  delay.o(i.SysTick_Handler)
    SystemInit                               0x08001c55   Thumb Code    74  system_stm32f4xx.o(i.SystemInit)
    USART1_IRQHandler                        0x08001fe9   Thumb Code    50  usart1.o(i.USART1_IRQHandler)
    USART2_IRQHandler                        0x08002029   Thumb Code    38  stm32f4xx_it.o(i.USART2_IRQHandler)
    USART_Cmd                                0x08002055   Thumb Code    24  stm32f4xx_usart.o(i.USART_Cmd)
    USART_GetITStatus                        0x0800206d   Thumb Code    64  stm32f4xx_usart.o(i.USART_GetITStatus)
    USART_ITConfig                           0x080020ad   Thumb Code    54  stm32f4xx_usart.o(i.USART_ITConfig)
    USART_Init                               0x080020e5   Thumb Code   180  stm32f4xx_usart.o(i.USART_Init)
    USART_ReceiveData                        0x080021a1   Thumb Code     8  stm32f4xx_usart.o(i.USART_ReceiveData)
    USBD_ClrCfg                              0x080021a9   Thumb Code    14  usbd_core.o(i.USBD_ClrCfg)
    USBD_CtlContinueRx                       0x080021f3   Thumb Code    18  usbd_ioreq.o(i.USBD_CtlContinueRx)
    USBD_CtlContinueSendData                 0x08002205   Thumb Code    18  usbd_ioreq.o(i.USBD_CtlContinueSendData)
    USBD_CtlError                            0x08002217   Thumb Code    30  usbd_req.o(i.USBD_CtlError)
    USBD_CtlReceiveStatus                    0x08002235   Thumb Code    34  usbd_ioreq.o(i.USBD_CtlReceiveStatus)
    USBD_CtlSendData                         0x08002257   Thumb Code    32  usbd_ioreq.o(i.USBD_CtlSendData)
    USBD_CtlSendStatus                       0x08002277   Thumb Code    34  usbd_ioreq.o(i.USBD_CtlSendStatus)
    USBD_DeInit                              0x080023bf   Thumb Code     4  usbd_core.o(i.USBD_DeInit)
    USBD_GetRxCount                          0x08002513   Thumb Code    16  usbd_ioreq.o(i.USBD_GetRxCount)
    USBD_GetString                           0x08002555   Thumb Code    60  usbd_req.o(i.USBD_GetString)
    USBD_Init                                0x08002591   Thumb Code    64  usbd_core.o(i.USBD_Init)
    USBD_MSC_DataIn                          0x080025ed   Thumb Code    10  usbd_msc_core.o(i.USBD_MSC_DataIn)
    USBD_MSC_DataOut                         0x080025f7   Thumb Code    10  usbd_msc_core.o(i.USBD_MSC_DataOut)
    USBD_MSC_DeInit                          0x08002601   Thumb Code    30  usbd_msc_core.o(i.USBD_MSC_DeInit)
    USBD_MSC_GetCfgDesc                      0x08002621   Thumb Code     8  usbd_msc_core.o(i.USBD_MSC_GetCfgDesc)
    USBD_MSC_Init                            0x0800262d   Thumb Code    44  usbd_msc_core.o(i.USBD_MSC_Init)
    USBD_MSC_Setup                           0x08002659   Thumb Code   234  usbd_msc_core.o(i.USBD_MSC_Setup)
    USBD_OTG_ISR_Handler                     0x0800274d   Thumb Code   172  usb_dcd_int.o(i.USBD_OTG_ISR_Handler)
    USBD_ParseSetupRequest                   0x080027f9   Thumb Code    68  usbd_req.o(i.USBD_ParseSetupRequest)
    USBD_SetCfg                              0x080028fb   Thumb Code    26  usbd_core.o(i.USBD_SetCfg)
    USBD_StdDevReq                           0x08002a9b   Thumb Code    74  usbd_req.o(i.USBD_StdDevReq)
    USBD_StdEPReq                            0x08002ae5   Thumb Code   282  usbd_req.o(i.USBD_StdEPReq)
    USBD_StdItfReq                           0x08002c05   Thumb Code    70  usbd_req.o(i.USBD_StdItfReq)
    USBD_USR_ConfigStrDescriptor             0x08002c65   Thumb Code    32  usbd_desc.o(i.USBD_USR_ConfigStrDescriptor)
    USBD_USR_DeviceConfigured                0x08002c95   Thumb Code     6  usbd_usr.o(i.USBD_USR_DeviceConfigured)
    USBD_USR_DeviceConnected                 0x08002cb9   Thumb Code    12  usbd_usr.o(i.USBD_USR_DeviceConnected)
    USBD_USR_DeviceDescriptor                0x08002ce1   Thumb Code     8  usbd_desc.o(i.USBD_USR_DeviceDescriptor)
    USBD_USR_DeviceDisconnected              0x08002ced   Thumb Code    12  usbd_usr.o(i.USBD_USR_DeviceDisconnected)
    USBD_USR_DeviceReset                     0x08002d19   Thumb Code    26  usbd_usr.o(i.USBD_USR_DeviceReset)
    USBD_USR_DeviceResumed                   0x08002da1   Thumb Code     6  usbd_usr.o(i.USBD_USR_DeviceResumed)
    USBD_USR_DeviceSuspended                 0x08002dbd   Thumb Code     6  usbd_usr.o(i.USBD_USR_DeviceSuspended)
    USBD_USR_Init                            0x08002de1   Thumb Code     2  usbd_usr.o(i.USBD_USR_Init)
    USBD_USR_InterfaceStrDescriptor          0x08002de5   Thumb Code    32  usbd_desc.o(i.USBD_USR_InterfaceStrDescriptor)
    USBD_USR_LangIDStrDescriptor             0x08002e19   Thumb Code     8  usbd_desc.o(i.USBD_USR_LangIDStrDescriptor)
    USBD_USR_ManufacturerStrDescriptor       0x08002e25   Thumb Code    16  usbd_desc.o(i.USBD_USR_ManufacturerStrDescriptor)
    USBD_USR_ProductStrDescriptor            0x08002e45   Thumb Code    32  usbd_desc.o(i.USBD_USR_ProductStrDescriptor)
    USBD_USR_SerialStrDescriptor             0x08002e9d   Thumb Code    32  usbd_desc.o(i.USBD_USR_SerialStrDescriptor)
    USB_OTG_BSP_EnableInterrupt              0x08002ee1   Thumb Code    34  usb_bsp.o(i.USB_OTG_BSP_EnableInterrupt)
    USB_OTG_BSP_Init                         0x08002f05   Thumb Code   106  usb_bsp.o(i.USB_OTG_BSP_Init)
    USB_OTG_BSP_mDelay                       0x08002f79   Thumb Code     4  usb_bsp.o(i.USB_OTG_BSP_mDelay)
    USB_OTG_BSP_uDelay                       0x08002f7d   Thumb Code     4  usb_bsp.o(i.USB_OTG_BSP_uDelay)
    USB_OTG_CoreInit                         0x08002f81   Thumb Code   164  usb_core.o(i.USB_OTG_CoreInit)
    USB_OTG_CoreInitDev                      0x08003025   Thumb Code   328  usb_core.o(i.USB_OTG_CoreInitDev)
    USB_OTG_DisableGlobalInt                 0x080031c9   Thumb Code    16  usb_core.o(i.USB_OTG_DisableGlobalInt)
    USB_OTG_EP0Activate                      0x080031d9   Thumb Code    74  usb_core.o(i.USB_OTG_EP0Activate)
    USB_OTG_EP0StartXfer                     0x08003223   Thumb Code   266  usb_core.o(i.USB_OTG_EP0StartXfer)
    USB_OTG_EP0_OutStart                     0x0800332d   Thumb Code    52  usb_core.o(i.USB_OTG_EP0_OutStart)
    USB_OTG_EPActivate                       0x08003365   Thumb Code    92  usb_core.o(i.USB_OTG_EPActivate)
    USB_OTG_EPClearStall                     0x080033c1   Thumb Code    60  usb_core.o(i.USB_OTG_EPClearStall)
    USB_OTG_EPDeactivate                     0x080033fd   Thumb Code    54  usb_core.o(i.USB_OTG_EPDeactivate)
    USB_OTG_EPSetStall                       0x08003433   Thumb Code    64  usb_core.o(i.USB_OTG_EPSetStall)
    USB_OTG_EPStartXfer                      0x08003473   Thumb Code   348  usb_core.o(i.USB_OTG_EPStartXfer)
    USB_OTG_EnableDevInt                     0x080035ed   Thumb Code    84  usb_core.o(i.USB_OTG_EnableDevInt)
    USB_OTG_EnableGlobalInt                  0x08003641   Thumb Code    16  usb_core.o(i.USB_OTG_EnableGlobalInt)
    USB_OTG_FlushRxFifo                      0x08003651   Thumb Code    54  usb_core.o(i.USB_OTG_FlushRxFifo)
    USB_OTG_FlushTxFifo                      0x0800368d   Thumb Code    62  usb_core.o(i.USB_OTG_FlushTxFifo)
    USB_OTG_GetDeviceSpeed                   0x080036d1   Thumb Code    44  usb_core.o(i.USB_OTG_GetDeviceSpeed)
    USB_OTG_GetMode                          0x080036fd   Thumb Code    10  usb_core.o(i.USB_OTG_GetMode)
    USB_OTG_InitDevSpeed                     0x08003707   Thumb Code    12  usb_core.o(i.USB_OTG_InitDevSpeed)
    USB_OTG_IsDeviceMode                     0x08003713   Thumb Code    18  usb_core.o(i.USB_OTG_IsDeviceMode)
    USB_OTG_ReadCoreItr                      0x08003725   Thumb Code    10  usb_core.o(i.USB_OTG_ReadCoreItr)
    USB_OTG_ReadDevAllInEPItr                0x0800372f   Thumb Code    12  usb_core.o(i.USB_OTG_ReadDevAllInEPItr)
    USB_OTG_ReadDevAllOutEp_itr              0x0800373b   Thumb Code    12  usb_core.o(i.USB_OTG_ReadDevAllOutEp_itr)
    USB_OTG_ReadDevOutEP_itr                 0x08003747   Thumb Code    16  usb_core.o(i.USB_OTG_ReadDevOutEP_itr)
    USB_OTG_ReadPacket                       0x08003757   Thumb Code    32  usb_core.o(i.USB_OTG_ReadPacket)
    USB_OTG_SelectCore                       0x08003779   Thumb Code   188  usb_core.o(i.USB_OTG_SelectCore)
    USB_OTG_SetCurrentMode                   0x08003839   Thumb Code    54  usb_core.o(i.USB_OTG_SetCurrentMode)
    USB_OTG_WritePacket                      0x0800386f   Thumb Code    40  usb_core.o(i.USB_OTG_WritePacket)
    UsageFault_Handler                       0x08003897   Thumb Code     2  stm32f4xx_it.o(i.UsageFault_Handler)
    W25QXX_Erase_Sector                      0x08003899   Thumb Code    68  w25qxx.o(i.W25QXX_Erase_Sector)
    W25QXX_Init                              0x080038e9   Thumb Code   100  w25qxx.o(i.W25QXX_Init)
    W25QXX_Read                              0x0800395d   Thumb Code    76  w25qxx.o(i.W25QXX_Read)
    W25QXX_ReadID                            0x080039ad   Thumb Code    56  w25qxx.o(i.W25QXX_ReadID)
    W25QXX_ReadSR                            0x080039e9   Thumb Code    26  w25qxx.o(i.W25QXX_ReadSR)
    W25QXX_Wait_Busy                         0x08003a09   Thumb Code    12  w25qxx.o(i.W25QXX_Wait_Busy)
    W25QXX_Write                             0x08003a15   Thumb Code   158  w25qxx.o(i.W25QXX_Write)
    W25QXX_Write_Enable                      0x08003ab9   Thumb Code    20  w25qxx.o(i.W25QXX_Write_Enable)
    W25QXX_Write_NoCheck                     0x08003ad1   Thumb Code    62  w25qxx.o(i.W25QXX_Write_NoCheck)
    W25QXX_Write_Page                        0x08003b11   Thumb Code    82  w25qxx.o(i.W25QXX_Write_Page)
    __0printf$8                              0x08003b69   Thumb Code    22  printf8.o(i.__0printf$8)
    __1printf$8                              0x08003b69   Thumb Code     0  printf8.o(i.__0printf$8)
    __2printf                                0x08003b69   Thumb Code     0  printf8.o(i.__0printf$8)
    __scatterload_copy                       0x08003b89   Thumb Code    14  handlers.o(i.__scatterload_copy)
    __scatterload_null                       0x08003b97   Thumb Code     2  handlers.o(i.__scatterload_null)
    __scatterload_zeroinit                   0x08003b99   Thumb Code    14  handlers.o(i.__scatterload_zeroinit)
    debug_init                               0x080045ed   Thumb Code    24  debug.o(i.debug_init)
    delay_init                               0x08004609   Thumb Code    48  delay.o(i.delay_init)
    delay_ms                                 0x0800463d   Thumb Code    52  delay.o(i.delay_ms)
    delay_us                                 0x08004675   Thumb Code    50  delay.o(i.delay_us)
    disk_initialize                          0x08004abd   Thumb Code    96  diskio.o(i.disk_initialize)
    disk_ioctl                               0x08004b5d   Thumb Code    74  diskio.o(i.disk_ioctl)
    disk_read                                0x08004bad   Thumb Code    68  diskio.o(i.disk_read)
    disk_status                              0x08004bf1   Thumb Code     4  diskio.o(i.disk_status)
    disk_write                               0x08004bf5   Thumb Code    68  diskio.o(i.disk_write)
    f_close                                  0x08004c39   Thumb Code    32  ff.o(i.f_close)
    f_lseek                                  0x08004c59   Thumb Code   384  ff.o(i.f_lseek)
    f_mkfs                                   0x08004dd9   Thumb Code  1462  ff.o(i.f_mkfs)
    f_mount                                  0x080053b1   Thumb Code    66  ff.o(i.f_mount)
    f_open                                   0x080053f9   Thumb Code   462  ff.o(i.f_open)
    f_read                                   0x080055c7   Thumb Code   380  ff.o(i.f_read)
    f_sync                                   0x08005743   Thumb Code   144  ff.o(i.f_sync)
    f_write                                  0x080057d3   Thumb Code   442  ff.o(i.f_write)
    fatfs_test                               0x0800598d   Thumb Code   288  system.o(i.fatfs_test)
    ff_oem2uni                               0x08005bbd   Thumb Code    76  ffunicode.o(i.ff_oem2uni)
    ff_uni2oem                               0x08005c0d   Thumb Code    84  ffunicode.o(i.ff_uni2oem)
    ff_wtoupper                              0x08005c65   Thumb Code   140  ffunicode.o(i.ff_wtoupper)
    fputc                                    0x08005ddd   Thumb Code    12  usart1.o(i.fputc)
    get_fattime                              0x08005f77   Thumb Code     4  diskio.o(i.get_fattime)
    main                                     0x08006001   Thumb Code   184  main.o(i.main)
    pvPortMalloc                             0x08006d99   Thumb Code   208  heap_4.o(i.pvPortMalloc)
    pvTaskIncrementMutexHeldCount            0x08006e6d   Thumb Code    20  tasks.o(i.pvTaskIncrementMutexHeldCount)
    pxPortInitialiseStack                    0x08006e85   Thumb Code    30  port.o(i.pxPortInitialiseStack)
    uart_data_write                          0x080070ad   Thumb Code    82  uart.o(i.uart_data_write)
    uart_open                                0x08007105   Thumb Code   230  uart.o(i.uart_open)
    usb_msc_test                             0x08007201   Thumb Code   224  system.o(i.usb_msc_test)
    uxListRemove                             0x08007371   Thumb Code    36  list.o(i.uxListRemove)
    vListInitialise                          0x08007395   Thumb Code    22  list.o(i.vListInitialise)
    vListInitialiseItem                      0x080073ab   Thumb Code     6  list.o(i.vListInitialiseItem)
    vListInsert                              0x080073b1   Thumb Code    48  list.o(i.vListInsert)
    vListInsertEnd                           0x080073e1   Thumb Code    24  list.o(i.vListInsertEnd)
    vPortEnterCritical                       0x080073f9   Thumb Code    54  port.o(i.vPortEnterCritical)
    vPortExitCritical                        0x08007439   Thumb Code    38  port.o(i.vPortExitCritical)
    vPortFree                                0x08007465   Thumb Code    88  heap_4.o(i.vPortFree)
    vPortSetupTimerInterrupt                 0x080074c1   Thumb Code    26  port.o(i.vPortSetupTimerInterrupt)
    vPortValidateInterruptPriority           0x080074e1   Thumb Code    74  port.o(i.vPortValidateInterruptPriority)
    vQueueAddToRegistry                      0x08007535   Thumb Code    32  queue.o(i.vQueueAddToRegistry)
    vQueueWaitForMessageRestricted           0x08007559   Thumb Code    70  queue.o(i.vQueueWaitForMessageRestricted)
    vTaskDelay                               0x080075a1   Thumb Code    70  tasks.o(i.vTaskDelay)
    vTaskMissedYield                         0x080075f1   Thumb Code     8  tasks.o(i.vTaskMissedYield)
    vTaskPlaceOnEventList                    0x080075fd   Thumb Code    46  tasks.o(i.vTaskPlaceOnEventList)
    vTaskPlaceOnEventListRestricted          0x08007631   Thumb Code    54  tasks.o(i.vTaskPlaceOnEventListRestricted)
    vTaskPriorityInherit                     0x0800766d   Thumb Code   126  tasks.o(i.vTaskPriorityInherit)
    vTaskSetTimeOutState                     0x080076f5   Thumb Code    32  tasks.o(i.vTaskSetTimeOutState)
    vTaskStartScheduler                      0x08007719   Thumb Code    94  tasks.o(i.vTaskStartScheduler)
    vTaskSuspendAll                          0x08007789   Thumb Code    10  tasks.o(i.vTaskSuspendAll)
    vTaskSwitchContext                       0x08007799   Thumb Code    86  tasks.o(i.vTaskSwitchContext)
    xPortStartScheduler                      0x08007831   Thumb Code   204  port.o(i.xPortStartScheduler)
    xPortSysTickHandler                      0x08007911   Thumb Code    38  port.o(i.xPortSysTickHandler)
    xQueueCreateMutex                        0x0800793d   Thumb Code    24  queue.o(i.xQueueCreateMutex)
    xQueueGenericCreate                      0x08007955   Thumb Code    68  queue.o(i.xQueueGenericCreate)
    xQueueGenericReceive                     0x08007999   Thumb Code   388  queue.o(i.xQueueGenericReceive)
    xQueueGenericReset                       0x08007b21   Thumb Code   134  queue.o(i.xQueueGenericReset)
    xQueueGenericSend                        0x08007bad   Thumb Code   352  queue.o(i.xQueueGenericSend)
    xQueueGenericSendFromISR                 0x08007d11   Thumb Code   190  queue.o(i.xQueueGenericSendFromISR)
    xTaskCheckForTimeOut                     0x08007dd1   Thumb Code   112  tasks.o(i.xTaskCheckForTimeOut)
    xTaskCreate                              0x08007e45   Thumb Code    96  tasks.o(i.xTaskCreate)
    xTaskGetSchedulerState                   0x08007ea5   Thumb Code    24  tasks.o(i.xTaskGetSchedulerState)
    xTaskGetTickCount                        0x08007ec1   Thumb Code     6  tasks.o(i.xTaskGetTickCount)
    xTaskIncrementTick                       0x08007ecd   Thumb Code   196  tasks.o(i.xTaskIncrementTick)
    xTaskPriorityDisinherit                  0x08007f99   Thumb Code   144  tasks.o(i.xTaskPriorityDisinherit)
    xTaskRemoveFromEventList                 0x08008031   Thumb Code   114  tasks.o(i.xTaskRemoveFromEventList)
    xTaskResumeAll                           0x080080ad   Thumb Code   192  tasks.o(i.xTaskResumeAll)
    xTimerCreateTimerTask                    0x08008179   Thumb Code    62  timers.o(i.xTimerCreateTimerTask)
    xTimerGenericCommand                     0x080081c9   Thumb Code    98  timers.o(i.xTimerGenericCommand)
    MSC_Page00_Inquiry_Data                  0x08032e3a   Data           7  usbd_msc_data.o(.constdata)
    MSC_Mode_Sense6_data                     0x08032e41   Data           8  usbd_msc_data.o(.constdata)
    MSC_Mode_Sense10_data                    0x08032e49   Data           8  usbd_msc_data.o(.constdata)
    STORAGE_Inquirydata                      0x08032e51   Data          36  usbd_storage_msd.o(.constdata)
    Region$$Table$$Base                      0x08032f24   Number         0  anon$$obj.o(Region$$Table)
    Region$$Table$$Limit                     0x08032f44   Number         0  anon$$obj.o(Region$$Table)
    TransferError                            0x20000007   Data           1  sdio_sdcard.o(.data)
    TransferEnd                              0x20000008   Data           1  sdio_sdcard.o(.data)
    tempbuff                                 0x20000010   Data           4  sdio_sdcard.o(.data)
    SystemCoreClock                          0x20000018   Data           4  system_stm32f4xx.o(.data)
    AHBPrescTable                            0x2000001c   Data          16  system_stm32f4xx.o(.data)
    pxCurrentTCB                             0x2000002c   Data           4  tasks.o(.data)
    bw                                       0x200000b0   Data           4  system.o(.data)
    br                                       0x200000b4   Data           4  system.o(.data)
    debugMutex                               0x200000b8   Data           4  debug.o(.data)
    FLASH_SECTOR_COUNT                       0x200000be   Data           2  diskio.o(.data)
    USBD_DCD_INT_cb                          0x200000c0   Data          44  usbd_core.o(.data)
    USBD_DCD_INT_fops                        0x200000ec   Data           4  usbd_core.o(.data)
    SET_TEST_MODE                            0x200000f0   Data           4  usbd_core.o(.data)
    USBD_ep_status                           0x200000f8   Data           4  usbd_req.o(.data)
    USBD_default_cfg                         0x200000fc   Data           4  usbd_req.o(.data)
    USBD_cfg_status                          0x20000100   Data           4  usbd_req.o(.data)
    MSC_BOT_State                            0x20000104   Data           1  usbd_msc_bot.o(.data)
    MSC_BOT_Status                           0x20000105   Data           1  usbd_msc_bot.o(.data)
    MSC_BOT_DataLen                          0x20000106   Data           2  usbd_msc_bot.o(.data)
    USBD_MSC_cb                              0x20000108   Data          44  usbd_msc_core.o(.data)
    USBD_MSC_CfgDesc                         0x20000136   Data          32  usbd_msc_core.o(.data)
    SCSI_Sense_Head                          0x20000158   Data           1  usbd_msc_scsi.o(.data)
    SCSI_Sense_Tail                          0x20000159   Data           1  usbd_msc_scsi.o(.data)
    SCSI_blk_size                            0x2000015c   Data           4  usbd_msc_scsi.o(.data)
    SCSI_blk_nbr                             0x20000160   Data           4  usbd_msc_scsi.o(.data)
    SCSI_blk_len                             0x20000164   Data           4  usbd_msc_scsi.o(.data)
    cdev                                     0x20000168   Data           4  usbd_msc_scsi.o(.data)
    SCSI_blk_addr                            0x20000170   Data           8  usbd_msc_scsi.o(.data)
    USR_desc                                 0x20000178   Data          28  usbd_desc.o(.data)
    USBD_LangIDDesc                          0x20000194   Data           4  usbd_desc.o(.data)
    USBD_DeviceDesc                          0x20000198   Data          18  usbd_desc.o(.data)
    USB_STATUS_REG                           0x200001aa   Data           1  usbd_storage_msd.o(.data)
    USBD_MICRO_SDIO_fops                     0x200001ac   Data          32  usbd_storage_msd.o(.data)
    USBD_STORAGE_fops                        0x200001cc   Data           4  usbd_storage_msd.o(.data)
    bDeviceState                             0x200001d0   Data           1  usbd_usr.o(.data)
    USR_cb                                   0x200001d4   Data          28  usbd_usr.o(.data)
    W25QXX_TYPE                              0x200001f0   Data           2  w25qxx.o(.data)
    __stdout                                 0x200001f4   Data           4  stdout.o(.data)
    usart1                                   0x200001f8   Data         201  usart1.o(.bss)
    xQueueRegistry                           0x200002c4   Data          64  queue.o(.bss)
    read_buf                                 0x2000da2c   Data        4096  system.o(.bss)
    USB_OTG_dev                              0x2000ea2c   Data        1524  system.o(.bss)
    fsobject                                 0x2000f020   Data        4152  system.o(.bss)
    work                                     0x20010058   Data        4096  system.o(.bss)
    fp                                       0x20011058   Data        4136  system.o(.bss)
    USBD_StrDesc                             0x2001208c   Data          64  usbd_req.o(.bss)
    MSC_BOT_Data                             0x200120cc   Data       12288  usbd_msc_bot.o(.bss)
    MSC_BOT_cbw                              0x200150cc   Data          32  usbd_msc_bot.o(.bss)
    MSC_BOT_csw                              0x200150ec   Data          16  usbd_msc_bot.o(.bss)
    SCSI_Sense                               0x200150fc   Data          32  usbd_msc_scsi.o(.bss)
    W25QXX_BUFFER                            0x2001511c   Data        4096  w25qxx.o(.bss)
    __initial_sp                             0x2001e120   Data           0  startup_stm32f40_41xxx.o(STACK)



==============================================================================

Memory Map of the image

  Image Entry point : 0x08000189

  Load Region LR_IROM1 (Base: 0x08000000, Size: 0x0003313c, Max: 0x00100000, ABSOLUTE, COMPRESSED[0x00033020])

    Execution Region ER_IROM1 (Exec base: 0x08000000, Load base: 0x08000000, Size: 0x00032f44, Max: 0x00100000, ABSOLUTE)

    Exec Addr    Load Addr    Size         Type   Attr      Idx    E Section Name        Object

    0x08000000   0x08000000   0x00000188   Data   RO         1340    RESET               startup_stm32f40_41xxx.o
    0x08000188   0x08000188   0x00000000   Code   RO         9596  * .ARM.Collect$$$$00000000  mc_w.l(entry.o)
    0x08000188   0x08000188   0x00000004   Code   RO         9880    .ARM.Collect$$$$00000001  mc_w.l(entry2.o)
    0x0800018c   0x0800018c   0x00000004   Code   RO         9883    .ARM.Collect$$$$00000004  mc_w.l(entry5.o)
    0x08000190   0x08000190   0x00000000   Code   RO         9885    .ARM.Collect$$$$00000008  mc_w.l(entry7b.o)
    0x08000190   0x08000190   0x00000000   Code   RO         9887    .ARM.Collect$$$$0000000A  mc_w.l(entry8b.o)
    0x08000190   0x08000190   0x00000008   Code   RO         9888    .ARM.Collect$$$$0000000B  mc_w.l(entry9a.o)
    0x08000198   0x08000198   0x00000000   Code   RO         9890    .ARM.Collect$$$$0000000D  mc_w.l(entry10a.o)
    0x08000198   0x08000198   0x00000000   Code   RO         9892    .ARM.Collect$$$$0000000F  mc_w.l(entry11a.o)
    0x08000198   0x08000198   0x00000004   Code   RO         9881    .ARM.Collect$$$$00002712  mc_w.l(entry2.o)
    0x0800019c   0x0800019c   0x000000b6   Code   RO         2201    .emb_text           port.o
    0x08000252   0x08000252   0x00000002   PAD
    0x08000254   0x08000254   0x00000024   Code   RO         1341    .text               startup_stm32f40_41xxx.o
    0x08000278   0x08000278   0x00000062   Code   RO         9599    .text               mc_w.l(uldiv.o)
    0x080002da   0x080002da   0x00000024   Code   RO         9601    .text               mc_w.l(memcpya.o)
    0x080002fe   0x080002fe   0x00000024   Code   RO         9603    .text               mc_w.l(memseta.o)
    0x08000322   0x08000322   0x00000020   Code   RO         9611    .text               mc_w.l(strrchr.o)
    0x08000342   0x08000342   0x0000001e   Code   RO         9897    .text               mc_w.l(llshl.o)
    0x08000360   0x08000360   0x00000020   Code   RO         9899    .text               mc_w.l(llushr.o)
    0x08000380   0x08000380   0x00000024   Code   RO         9918    .text               mc_w.l(init.o)
    0x080003a4   0x080003a4   0x00000056   Code   RO         9939    .text               mc_w.l(__dczerorl2.o)
    0x080003fa   0x080003fa   0x00000002   PAD
    0x080003fc   0x080003fc   0x0000002c   Code   RO         7287    i.AppTask           system.o
    0x08000428   0x08000428   0x00000002   Code   RO         1237    i.BusFault_Handler  stm32f4xx_it.o
    0x0800042a   0x0800042a   0x00000002   PAD
    0x0800042c   0x0800042c   0x0000004c   Code   RO          871    i.CmdResp1Error     sdio_sdcard.o
    0x08000478   0x08000478   0x0000002c   Code   RO         8472    i.DCD_EP_Close      usb_dcd.o
    0x080004a4   0x080004a4   0x00000038   Code   RO         8473    i.DCD_EP_ClrStall   usb_dcd.o
    0x080004dc   0x080004dc   0x00000018   Code   RO         8474    i.DCD_EP_Flush      usb_dcd.o
    0x080004f4   0x080004f4   0x0000003c   Code   RO         8475    i.DCD_EP_Open       usb_dcd.o
    0x08000530   0x08000530   0x00000038   Code   RO         8476    i.DCD_EP_PrepareRx  usb_dcd.o
    0x08000568   0x08000568   0x00000010   Code   RO         8477    i.DCD_EP_SetAddress  usb_dcd.o
    0x08000578   0x08000578   0x00000038   Code   RO         8478    i.DCD_EP_Stall      usb_dcd.o
    0x080005b0   0x080005b0   0x00000034   Code   RO         8479    i.DCD_EP_Tx         usb_dcd.o
    0x080005e4   0x080005e4   0x00000056   Code   RO         8566    i.DCD_HandleEnumDone_ISR  usb_dcd_int.o
    0x0800063a   0x0800063a   0x00000002   PAD
    0x0800063c   0x0800063c   0x000000d4   Code   RO         8567    i.DCD_HandleInEP_ISR  usb_dcd_int.o
    0x08000710   0x08000710   0x000000b8   Code   RO         8568    i.DCD_HandleOutEP_ISR  usb_dcd_int.o
    0x080007c8   0x080007c8   0x00000044   Code   RO         8569    i.DCD_HandleResume_ISR  usb_dcd_int.o
    0x0800080c   0x0800080c   0x00000086   Code   RO         8570    i.DCD_HandleRxStatusQueueLevel_ISR  usb_dcd_int.o
    0x08000892   0x08000892   0x00000002   PAD
    0x08000894   0x08000894   0x0000001c   Code   RO         8571    i.DCD_HandleSof_ISR  usb_dcd_int.o
    0x080008b0   0x080008b0   0x00000074   Code   RO         8572    i.DCD_HandleUSBSuspend_ISR  usb_dcd_int.o
    0x08000924   0x08000924   0x000000a4   Code   RO         8573    i.DCD_HandleUsbReset_ISR  usb_dcd_int.o
    0x080009c8   0x080009c8   0x00000088   Code   RO         8481    i.DCD_Init          usb_dcd.o
    0x08000a50   0x08000a50   0x00000020   Code   RO         8574    i.DCD_IsoINIncomplete_ISR  usb_dcd_int.o
    0x08000a70   0x08000a70   0x00000020   Code   RO         8575    i.DCD_IsoOUTIncomplete_ISR  usb_dcd_int.o
    0x08000a90   0x08000a90   0x0000001c   Code   RO         8576    i.DCD_ReadDevInEP   usb_dcd_int.o
    0x08000aac   0x08000aac   0x00000080   Code   RO         8577    i.DCD_WriteEmptyTxFifo  usb_dcd_int.o
    0x08000b2c   0x08000b2c   0x00000002   Code   RO         1238    i.DebugMon_Handler  stm32f4xx_it.o
    0x08000b2e   0x08000b2e   0x0000007c   Code   RO         4072    i.GPIO_Init         stm32f4xx_gpio.o
    0x08000baa   0x08000baa   0x00000020   Code   RO         4073    i.GPIO_PinAFConfig  stm32f4xx_gpio.o
    0x08000bca   0x08000bca   0x00000004   Code   RO         4080    i.GPIO_SetBits      stm32f4xx_gpio.o
    0x08000bce   0x08000bce   0x00000002   Code   RO         1239    i.HardFault_Handler  stm32f4xx_it.o
    0x08000bd0   0x08000bd0   0x000000d8   Code   RO          313    i.LED_Init          led.o
    0x08000ca8   0x08000ca8   0x00000048   Code   RO         8920    i.MSC_BOT_Abort     usbd_msc_bot.o
    0x08000cf0   0x08000cf0   0x000000a4   Code   RO         8921    i.MSC_BOT_CBW_Decode  usbd_msc_bot.o
    0x08000d94   0x08000d94   0x0000002c   Code   RO         8922    i.MSC_BOT_CplClrFeature  usbd_msc_bot.o
    0x08000dc0   0x08000dc0   0x00000048   Code   RO         8923    i.MSC_BOT_DataIn    usbd_msc_bot.o
    0x08000e08   0x08000e08   0x00000044   Code   RO         8924    i.MSC_BOT_DataOut   usbd_msc_bot.o
    0x08000e4c   0x08000e4c   0x0000000c   Code   RO         8925    i.MSC_BOT_DeInit    usbd_msc_bot.o
    0x08000e58   0x08000e58   0x00000044   Code   RO         8926    i.MSC_BOT_Init      usbd_msc_bot.o
    0x08000e9c   0x08000e9c   0x0000001c   Code   RO         8927    i.MSC_BOT_Reset     usbd_msc_bot.o
    0x08000eb8   0x08000eb8   0x0000003c   Code   RO         8928    i.MSC_BOT_SendCSW   usbd_msc_bot.o
    0x08000ef4   0x08000ef4   0x00000038   Code   RO         8929    i.MSC_BOT_SendData  usbd_msc_bot.o
    0x08000f2c   0x08000f2c   0x00000002   Code   RO         1240    i.MemManage_Handler  stm32f4xx_it.o
    0x08000f2e   0x08000f2e   0x00000002   Code   RO         1241    i.NMI_Handler       stm32f4xx_it.o
    0x08000f30   0x08000f30   0x00000068   Code   RO         2281    i.NVIC_Init         misc.o
    0x08000f98   0x08000f98   0x00000014   Code   RO         2282    i.NVIC_PriorityGroupConfig  misc.o
    0x08000fac   0x08000fac   0x0000000c   Code   RO         9409    i.OTG_FS_IRQHandler  usbd_usr.o
    0x08000fb8   0x08000fb8   0x0000001c   Code   RO         4968    i.RCC_AHB1PeriphClockCmd  stm32f4xx_rcc.o
    0x08000fd4   0x08000fd4   0x0000001c   Code   RO         4971    i.RCC_AHB2PeriphClockCmd  stm32f4xx_rcc.o
    0x08000ff0   0x08000ff0   0x0000001c   Code   RO         4977    i.RCC_APB1PeriphClockCmd  stm32f4xx_rcc.o
    0x0800100c   0x0800100c   0x0000001c   Code   RO         4980    i.RCC_APB2PeriphClockCmd  stm32f4xx_rcc.o
    0x08001028   0x08001028   0x0000001c   Code   RO         4982    i.RCC_APB2PeriphResetCmd  stm32f4xx_rcc.o
    0x08001044   0x08001044   0x000000a4   Code   RO         4989    i.RCC_GetClocksFreq  stm32f4xx_rcc.o
    0x080010e8   0x080010e8   0x00000024   Code   RO         9098    i.SCSI_CheckAddressRange  usbd_msc_scsi.o
    0x0800110c   0x0800110c   0x0000004c   Code   RO         9099    i.SCSI_Inquiry      usbd_msc_scsi.o
    0x08001158   0x08001158   0x00000028   Code   RO         9100    i.SCSI_ModeSense10  usbd_msc_scsi.o
    0x08001180   0x08001180   0x00000028   Code   RO         9101    i.SCSI_ModeSense6   usbd_msc_scsi.o
    0x080011a8   0x080011a8   0x000000bc   Code   RO         9102    i.SCSI_ProcessCmd   usbd_msc_scsi.o
    0x08001264   0x08001264   0x00000098   Code   RO         9103    i.SCSI_ProcessRead  usbd_msc_scsi.o
    0x080012fc   0x080012fc   0x000000a4   Code   RO         9104    i.SCSI_ProcessWrite  usbd_msc_scsi.o
    0x080013a0   0x080013a0   0x000000dc   Code   RO         9105    i.SCSI_Read10       usbd_msc_scsi.o
    0x0800147c   0x0800147c   0x00000068   Code   RO         9106    i.SCSI_ReadCapacity10  usbd_msc_scsi.o
    0x080014e4   0x080014e4   0x00000070   Code   RO         9107    i.SCSI_ReadFormatCapacity  usbd_msc_scsi.o
    0x08001554   0x08001554   0x00000068   Code   RO         9108    i.SCSI_RequestSense  usbd_msc_scsi.o
    0x080015bc   0x080015bc   0x0000002c   Code   RO         9109    i.SCSI_SenseCode    usbd_msc_scsi.o
    0x080015e8   0x080015e8   0x0000000c   Code   RO         9110    i.SCSI_StartStopUnit  usbd_msc_scsi.o
    0x080015f4   0x080015f4   0x0000004c   Code   RO         9111    i.SCSI_TestUnitReady  usbd_msc_scsi.o
    0x08001640   0x08001640   0x0000003c   Code   RO         9112    i.SCSI_Verify10     usbd_msc_scsi.o
    0x0800167c   0x0800167c   0x00000100   Code   RO         9113    i.SCSI_Write10      usbd_msc_scsi.o
    0x0800177c   0x0800177c   0x00000004   Code   RO          880    i.SDIO_IRQHandler   sdio_sdcard.o
    0x08001780   0x08001780   0x00000024   Code   RO          881    i.SDIO_Send_Cmd     sdio_sdcard.o
    0x080017a4   0x080017a4   0x000000dc   Code   RO          891    i.SD_ProcessIRQSrc  sdio_sdcard.o
    0x08001880   0x08001880   0x000000c4   Code   RO          424    i.SPI1_Init         spi.o
    0x08001944   0x08001944   0x00000034   Code   RO          425    i.SPI1_ReadWriteByte  spi.o
    0x08001978   0x08001978   0x0000001c   Code   RO          427    i.SPI1_SetSpeed     spi.o
    0x08001994   0x08001994   0x00000018   Code   RO         6105    i.SPI_Cmd           stm32f4xx_spi.o
    0x080019ac   0x080019ac   0x0000000e   Code   RO         6113    i.SPI_I2S_GetFlagStatus  stm32f4xx_spi.o
    0x080019ba   0x080019ba   0x00000004   Code   RO         6116    i.SPI_I2S_ReceiveData  stm32f4xx_spi.o
    0x080019be   0x080019be   0x00000004   Code   RO         6117    i.SPI_I2S_SendData  stm32f4xx_spi.o
    0x080019c2   0x080019c2   0x00000038   Code   RO         6118    i.SPI_Init          stm32f4xx_spi.o
    0x080019fa   0x080019fa   0x00000002   PAD
    0x080019fc   0x080019fc   0x0000002c   Code   RO         9339    i.STORAGE_GetCapacity  usbd_storage_msd.o
    0x08001a28   0x08001a28   0x0000001c   Code   RO         9340    i.STORAGE_GetMaxLun  usbd_storage_msd.o
    0x08001a44   0x08001a44   0x00000020   Code   RO         9341    i.STORAGE_Init      usbd_storage_msd.o
    0x08001a64   0x08001a64   0x00000028   Code   RO         9342    i.STORAGE_IsReady   usbd_storage_msd.o
    0x08001a8c   0x08001a8c   0x0000001c   Code   RO         9343    i.STORAGE_IsWriteProtected  usbd_storage_msd.o
    0x08001aa8   0x08001aa8   0x00000058   Code   RO         9344    i.STORAGE_Read      usbd_storage_msd.o
    0x08001b00   0x08001b00   0x0000006c   Code   RO         9345    i.STORAGE_Write     usbd_storage_msd.o
    0x08001b6c   0x08001b6c   0x000000b8   Code   RO         1300    i.SetSysClock       system_stm32f4xx.o
    0x08001c24   0x08001c24   0x0000001c   Code   RO         2285    i.SysTick_CLKSourceConfig  misc.o
    0x08001c40   0x08001c40   0x00000014   Code   RO         1187    i.SysTick_Handler   delay.o
    0x08001c54   0x08001c54   0x0000005c   Code   RO         1302    i.SystemInit        system_stm32f4xx.o
    0x08001cb0   0x08001cb0   0x000000ac   Code   RO         7151    i.UART1_Configuration  uart.o
    0x08001d5c   0x08001d5c   0x00000020   Code   RO         7152    i.UART1_NVIC_Configuration  uart.o
    0x08001d7c   0x08001d7c   0x000000b0   Code   RO         7153    i.UART2_Configuration  uart.o
    0x08001e2c   0x08001e2c   0x00000020   Code   RO         7154    i.UART2_NVIC_Configuration  uart.o
    0x08001e4c   0x08001e4c   0x000000ac   Code   RO         7155    i.UART3_Configuration  uart.o
    0x08001ef8   0x08001ef8   0x00000020   Code   RO         7156    i.UART3_NVIC_Configuration  uart.o
    0x08001f18   0x08001f18   0x000000b0   Code   RO         7157    i.UART4_Configuration  uart.o
    0x08001fc8   0x08001fc8   0x00000020   Code   RO         7158    i.UART4_NVIC_Configuration  uart.o
    0x08001fe8   0x08001fe8   0x00000040   Code   RO          502    i.USART1_IRQHandler  usart1.o
    0x08002028   0x08002028   0x0000002c   Code   RO         1242    i.USART2_IRQHandler  stm32f4xx_it.o
    0x08002054   0x08002054   0x00000018   Code   RO         6897    i.USART_Cmd         stm32f4xx_usart.o
    0x0800206c   0x0800206c   0x00000040   Code   RO         6901    i.USART_GetITStatus  stm32f4xx_usart.o
    0x080020ac   0x080020ac   0x00000036   Code   RO         6903    i.USART_ITConfig    stm32f4xx_usart.o
    0x080020e2   0x080020e2   0x00000002   PAD
    0x080020e4   0x080020e4   0x000000bc   Code   RO         6904    i.USART_Init        stm32f4xx_usart.o
    0x080021a0   0x080021a0   0x00000008   Code   RO         6911    i.USART_ReceiveData  stm32f4xx_usart.o
    0x080021a8   0x080021a8   0x0000000e   Code   RO         8654    i.USBD_ClrCfg       usbd_core.o
    0x080021b6   0x080021b6   0x0000003c   Code   RO         8817    i.USBD_ClrFeature   usbd_req.o
    0x080021f2   0x080021f2   0x00000012   Code   RO         8757    i.USBD_CtlContinueRx  usbd_ioreq.o
    0x08002204   0x08002204   0x00000012   Code   RO         8758    i.USBD_CtlContinueSendData  usbd_ioreq.o
    0x08002216   0x08002216   0x0000001e   Code   RO         8818    i.USBD_CtlError     usbd_req.o
    0x08002234   0x08002234   0x00000022   Code   RO         8760    i.USBD_CtlReceiveStatus  usbd_ioreq.o
    0x08002256   0x08002256   0x00000020   Code   RO         8761    i.USBD_CtlSendData  usbd_ioreq.o
    0x08002276   0x08002276   0x00000022   Code   RO         8762    i.USBD_CtlSendStatus  usbd_ioreq.o
    0x08002298   0x08002298   0x000000ac   Code   RO         8655    i.USBD_DataInStage  usbd_core.o
    0x08002344   0x08002344   0x0000007a   Code   RO         8656    i.USBD_DataOutStage  usbd_core.o
    0x080023be   0x080023be   0x00000004   Code   RO         8657    i.USBD_DeInit       usbd_core.o
    0x080023c2   0x080023c2   0x00000002   PAD
    0x080023c4   0x080023c4   0x00000030   Code   RO         8819    i.USBD_GetConfig    usbd_req.o
    0x080023f4   0x080023f4   0x0000010a   Code   RO         8820    i.USBD_GetDescriptor  usbd_req.o
    0x080024fe   0x080024fe   0x00000014   Code   RO         8821    i.USBD_GetLen       usbd_req.o
    0x08002512   0x08002512   0x00000010   Code   RO         8763    i.USBD_GetRxCount   usbd_ioreq.o
    0x08002522   0x08002522   0x00000002   PAD
    0x08002524   0x08002524   0x00000030   Code   RO         8822    i.USBD_GetStatus    usbd_req.o
    0x08002554   0x08002554   0x0000003c   Code   RO         8823    i.USBD_GetString    usbd_req.o
    0x08002590   0x08002590   0x00000040   Code   RO         8658    i.USBD_Init         usbd_core.o
    0x080025d0   0x080025d0   0x0000000e   Code   RO         8659    i.USBD_IsoINIncomplete  usbd_core.o
    0x080025de   0x080025de   0x0000000e   Code   RO         8660    i.USBD_IsoOUTIncomplete  usbd_core.o
    0x080025ec   0x080025ec   0x0000000a   Code   RO         9007    i.USBD_MSC_DataIn   usbd_msc_core.o
    0x080025f6   0x080025f6   0x0000000a   Code   RO         9008    i.USBD_MSC_DataOut  usbd_msc_core.o
    0x08002600   0x08002600   0x0000001e   Code   RO         9009    i.USBD_MSC_DeInit   usbd_msc_core.o
    0x0800261e   0x0800261e   0x00000002   PAD
    0x08002620   0x08002620   0x0000000c   Code   RO         9010    i.USBD_MSC_GetCfgDesc  usbd_msc_core.o
    0x0800262c   0x0800262c   0x0000002c   Code   RO         9011    i.USBD_MSC_Init     usbd_msc_core.o
    0x08002658   0x08002658   0x000000f4   Code   RO         9012    i.USBD_MSC_Setup    usbd_msc_core.o
    0x0800274c   0x0800274c   0x000000ac   Code   RO         8578    i.USBD_OTG_ISR_Handler  usb_dcd_int.o
    0x080027f8   0x080027f8   0x00000044   Code   RO         8824    i.USBD_ParseSetupRequest  usbd_req.o
    0x0800283c   0x0800283c   0x00000030   Code   RO         8661    i.USBD_Reset        usbd_core.o
    0x0800286c   0x0800286c   0x00000016   Code   RO         8662    i.USBD_Resume       usbd_core.o
    0x08002882   0x08002882   0x00000002   PAD
    0x08002884   0x08002884   0x00000010   Code   RO         8663    i.USBD_RunTestMode  usbd_core.o
    0x08002894   0x08002894   0x00000012   Code   RO         8664    i.USBD_SOF          usbd_core.o
    0x080028a6   0x080028a6   0x00000054   Code   RO         8825    i.USBD_SetAddress   usbd_req.o
    0x080028fa   0x080028fa   0x0000001a   Code   RO         8665    i.USBD_SetCfg       usbd_core.o
    0x08002914   0x08002914   0x000000ac   Code   RO         8826    i.USBD_SetConfig    usbd_req.o
    0x080029c0   0x080029c0   0x00000090   Code   RO         8827    i.USBD_SetFeature   usbd_req.o
    0x08002a50   0x08002a50   0x0000004a   Code   RO         8666    i.USBD_SetupStage   usbd_core.o
    0x08002a9a   0x08002a9a   0x0000004a   Code   RO         8828    i.USBD_StdDevReq    usbd_req.o
    0x08002ae4   0x08002ae4   0x00000120   Code   RO         8829    i.USBD_StdEPReq     usbd_req.o
    0x08002c04   0x08002c04   0x00000046   Code   RO         8830    i.USBD_StdItfReq    usbd_req.o
    0x08002c4a   0x08002c4a   0x0000001a   Code   RO         8667    i.USBD_Suspend      usbd_core.o
    0x08002c64   0x08002c64   0x00000030   Code   RO         9270    i.USBD_USR_ConfigStrDescriptor  usbd_desc.o
    0x08002c94   0x08002c94   0x00000024   Code   RO         9410    i.USBD_USR_DeviceConfigured  usbd_usr.o
    0x08002cb8   0x08002cb8   0x00000028   Code   RO         9411    i.USBD_USR_DeviceConnected  usbd_usr.o
    0x08002ce0   0x08002ce0   0x0000000c   Code   RO         9271    i.USBD_USR_DeviceDescriptor  usbd_desc.o
    0x08002cec   0x08002cec   0x0000002c   Code   RO         9412    i.USBD_USR_DeviceDisconnected  usbd_usr.o
    0x08002d18   0x08002d18   0x00000088   Code   RO         9413    i.USBD_USR_DeviceReset  usbd_usr.o
    0x08002da0   0x08002da0   0x0000001c   Code   RO         9414    i.USBD_USR_DeviceResumed  usbd_usr.o
    0x08002dbc   0x08002dbc   0x00000024   Code   RO         9415    i.USBD_USR_DeviceSuspended  usbd_usr.o
    0x08002de0   0x08002de0   0x00000002   Code   RO         9416    i.USBD_USR_Init     usbd_usr.o
    0x08002de2   0x08002de2   0x00000002   PAD
    0x08002de4   0x08002de4   0x00000034   Code   RO         9272    i.USBD_USR_InterfaceStrDescriptor  usbd_desc.o
    0x08002e18   0x08002e18   0x0000000c   Code   RO         9273    i.USBD_USR_LangIDStrDescriptor  usbd_desc.o
    0x08002e24   0x08002e24   0x00000020   Code   RO         9274    i.USBD_USR_ManufacturerStrDescriptor  usbd_desc.o
    0x08002e44   0x08002e44   0x00000058   Code   RO         9275    i.USBD_USR_ProductStrDescriptor  usbd_desc.o
    0x08002e9c   0x08002e9c   0x00000044   Code   RO         9276    i.USBD_USR_SerialStrDescriptor  usbd_desc.o
    0x08002ee0   0x08002ee0   0x00000022   Code   RO         9213    i.USB_OTG_BSP_EnableInterrupt  usb_bsp.o
    0x08002f02   0x08002f02   0x00000002   PAD
    0x08002f04   0x08002f04   0x00000074   Code   RO         9214    i.USB_OTG_BSP_Init  usb_bsp.o
    0x08002f78   0x08002f78   0x00000004   Code   RO         9215    i.USB_OTG_BSP_mDelay  usb_bsp.o
    0x08002f7c   0x08002f7c   0x00000004   Code   RO         9216    i.USB_OTG_BSP_uDelay  usb_bsp.o
    0x08002f80   0x08002f80   0x000000a4   Code   RO         8236    i.USB_OTG_CoreInit  usb_core.o
    0x08003024   0x08003024   0x00000148   Code   RO         8237    i.USB_OTG_CoreInitDev  usb_core.o
    0x0800316c   0x0800316c   0x0000005c   Code   RO         8238    i.USB_OTG_CoreReset  usb_core.o
    0x080031c8   0x080031c8   0x00000010   Code   RO         8239    i.USB_OTG_DisableGlobalInt  usb_core.o
    0x080031d8   0x080031d8   0x0000004a   Code   RO         8240    i.USB_OTG_EP0Activate  usb_core.o
    0x08003222   0x08003222   0x0000010a   Code   RO         8241    i.USB_OTG_EP0StartXfer  usb_core.o
    0x0800332c   0x0800332c   0x00000038   Code   RO         8242    i.USB_OTG_EP0_OutStart  usb_core.o
    0x08003364   0x08003364   0x0000005c   Code   RO         8243    i.USB_OTG_EPActivate  usb_core.o
    0x080033c0   0x080033c0   0x0000003c   Code   RO         8244    i.USB_OTG_EPClearStall  usb_core.o
    0x080033fc   0x080033fc   0x00000036   Code   RO         8245    i.USB_OTG_EPDeactivate  usb_core.o
    0x08003432   0x08003432   0x00000040   Code   RO         8246    i.USB_OTG_EPSetStall  usb_core.o
    0x08003472   0x08003472   0x0000015c   Code   RO         8247    i.USB_OTG_EPStartXfer  usb_core.o
    0x080035ce   0x080035ce   0x00000002   PAD
    0x080035d0   0x080035d0   0x0000001c   Code   RO         8248    i.USB_OTG_EnableCommonInt  usb_core.o
    0x080035ec   0x080035ec   0x00000054   Code   RO         8249    i.USB_OTG_EnableDevInt  usb_core.o
    0x08003640   0x08003640   0x00000010   Code   RO         8250    i.USB_OTG_EnableGlobalInt  usb_core.o
    0x08003650   0x08003650   0x0000003c   Code   RO         8251    i.USB_OTG_FlushRxFifo  usb_core.o
    0x0800368c   0x0800368c   0x00000044   Code   RO         8252    i.USB_OTG_FlushTxFifo  usb_core.o
    0x080036d0   0x080036d0   0x0000002c   Code   RO         8253    i.USB_OTG_GetDeviceSpeed  usb_core.o
    0x080036fc   0x080036fc   0x0000000a   Code   RO         8255    i.USB_OTG_GetMode   usb_core.o
    0x08003706   0x08003706   0x0000000c   Code   RO         8256    i.USB_OTG_InitDevSpeed  usb_core.o
    0x08003712   0x08003712   0x00000012   Code   RO         8257    i.USB_OTG_IsDeviceMode  usb_core.o
    0x08003724   0x08003724   0x0000000a   Code   RO         8259    i.USB_OTG_ReadCoreItr  usb_core.o
    0x0800372e   0x0800372e   0x0000000c   Code   RO         8260    i.USB_OTG_ReadDevAllInEPItr  usb_core.o
    0x0800373a   0x0800373a   0x0000000c   Code   RO         8261    i.USB_OTG_ReadDevAllOutEp_itr  usb_core.o
    0x08003746   0x08003746   0x00000010   Code   RO         8262    i.USB_OTG_ReadDevOutEP_itr  usb_core.o
    0x08003756   0x08003756   0x00000020   Code   RO         8264    i.USB_OTG_ReadPacket  usb_core.o
    0x08003776   0x08003776   0x00000002   PAD
    0x08003778   0x08003778   0x000000c0   Code   RO         8265    i.USB_OTG_SelectCore  usb_core.o
    0x08003838   0x08003838   0x00000036   Code   RO         8266    i.USB_OTG_SetCurrentMode  usb_core.o
    0x0800386e   0x0800386e   0x00000028   Code   RO         8270    i.USB_OTG_WritePacket  usb_core.o
    0x08003896   0x08003896   0x00000002   Code   RO         1243    i.UsageFault_Handler  stm32f4xx_it.o
    0x08003898   0x08003898   0x00000050   Code   RO         9485    i.W25QXX_Erase_Sector  w25qxx.o
    0x080038e8   0x080038e8   0x00000074   Code   RO         9486    i.W25QXX_Init       w25qxx.o
    0x0800395c   0x0800395c   0x00000050   Code   RO         9488    i.W25QXX_Read       w25qxx.o
    0x080039ac   0x080039ac   0x0000003c   Code   RO         9489    i.W25QXX_ReadID     w25qxx.o
    0x080039e8   0x080039e8   0x00000020   Code   RO         9490    i.W25QXX_ReadSR     w25qxx.o
    0x08003a08   0x08003a08   0x0000000c   Code   RO         9492    i.W25QXX_Wait_Busy  w25qxx.o
    0x08003a14   0x08003a14   0x000000a4   Code   RO         9493    i.W25QXX_Write      w25qxx.o
    0x08003ab8   0x08003ab8   0x00000018   Code   RO         9495    i.W25QXX_Write_Enable  w25qxx.o
    0x08003ad0   0x08003ad0   0x0000003e   Code   RO         9496    i.W25QXX_Write_NoCheck  w25qxx.o
    0x08003b0e   0x08003b0e   0x00000002   PAD
    0x08003b10   0x08003b10   0x00000058   Code   RO         9497    i.W25QXX_Write_Page  w25qxx.o
    0x08003b68   0x08003b68   0x00000020   Code   RO         9822    i.__0printf$8       mc_w.l(printf8.o)
    0x08003b88   0x08003b88   0x0000000e   Code   RO         9933    i.__scatterload_copy  mc_w.l(handlers.o)
    0x08003b96   0x08003b96   0x00000002   Code   RO         9934    i.__scatterload_null  mc_w.l(handlers.o)
    0x08003b98   0x08003b98   0x0000000e   Code   RO         9935    i.__scatterload_zeroinit  mc_w.l(handlers.o)
    0x08003ba6   0x08003ba6   0x00000002   PAD
    0x08003ba8   0x08003ba8   0x00000410   Code   RO         9829    i._printf_core      mc_w.l(printf8.o)
    0x08003fb8   0x08003fb8   0x00000024   Code   RO         9830    i._printf_post_padding  mc_w.l(printf8.o)
    0x08003fdc   0x08003fdc   0x0000002e   Code   RO         9831    i._printf_pre_padding  mc_w.l(printf8.o)
    0x0800400a   0x0800400a   0x00000002   PAD
    0x0800400c   0x0800400c   0x000000b0   Code   RO         7806    i.check_fs          ff.o
    0x080040bc   0x080040bc   0x00000010   Code   RO         7807    i.chk_chr           ff.o
    0x080040cc   0x080040cc   0x00000018   Code   RO         7808    i.clst2sect         ff.o
    0x080040e4   0x080040e4   0x00000094   Code   RO         7809    i.cmp_lfn           ff.o
    0x08004178   0x08004178   0x000000ee   Code   RO         7810    i.create_chain      ff.o
    0x08004266   0x08004266   0x00000002   PAD
    0x08004268   0x08004268   0x00000224   Code   RO         7811    i.create_name       ff.o
    0x0800448c   0x0800448c   0x00000136   Code   RO         7812    i.create_partition  ff.o
    0x080045c2   0x080045c2   0x00000010   Code   RO         7813    i.dbc_1st           ff.o
    0x080045d2   0x080045d2   0x0000001a   Code   RO         7814    i.dbc_2nd           ff.o
    0x080045ec   0x080045ec   0x0000001c   Code   RO         7646    i.debug_init        debug.o
    0x08004608   0x08004608   0x00000034   Code   RO         1188    i.delay_init        delay.o
    0x0800463c   0x0800463c   0x00000038   Code   RO         1189    i.delay_ms          delay.o
    0x08004674   0x08004674   0x00000038   Code   RO         1190    i.delay_us          delay.o
    0x080046ac   0x080046ac   0x0000004a   Code   RO         7815    i.dir_alloc         ff.o
    0x080046f6   0x080046f6   0x0000005e   Code   RO         7816    i.dir_clear         ff.o
    0x08004754   0x08004754   0x000000d2   Code   RO         7817    i.dir_find          ff.o
    0x08004826   0x08004826   0x000000d6   Code   RO         7818    i.dir_next          ff.o
    0x080048fc   0x080048fc   0x0000011e   Code   RO         7820    i.dir_register      ff.o
    0x08004a1a   0x08004a1a   0x000000a2   Code   RO         7822    i.dir_sdi           ff.o
    0x08004abc   0x08004abc   0x000000a0   Code   RO         8177    i.disk_initialize   diskio.o
    0x08004b5c   0x08004b5c   0x00000050   Code   RO         8178    i.disk_ioctl        diskio.o
    0x08004bac   0x08004bac   0x00000044   Code   RO         8179    i.disk_read         diskio.o
    0x08004bf0   0x08004bf0   0x00000004   Code   RO         8180    i.disk_status       diskio.o
    0x08004bf4   0x08004bf4   0x00000044   Code   RO         8181    i.disk_write        diskio.o
    0x08004c38   0x08004c38   0x00000020   Code   RO         7823    i.f_close           ff.o
    0x08004c58   0x08004c58   0x00000180   Code   RO         7826    i.f_lseek           ff.o
    0x08004dd8   0x08004dd8   0x000005d8   Code   RO         7828    i.f_mkfs            ff.o
    0x080053b0   0x080053b0   0x00000048   Code   RO         7829    i.f_mount           ff.o
    0x080053f8   0x080053f8   0x000001ce   Code   RO         7830    i.f_open            ff.o
    0x080055c6   0x080055c6   0x0000017c   Code   RO         7832    i.f_read            ff.o
    0x08005742   0x08005742   0x00000090   Code   RO         7836    i.f_sync            ff.o
    0x080057d2   0x080057d2   0x000001ba   Code   RO         7839    i.f_write           ff.o
    0x0800598c   0x0800598c   0x00000230   Code   RO         7288    i.fatfs_test        system.o
    0x08005bbc   0x08005bbc   0x00000050   Code   RO         8148    i.ff_oem2uni        ffunicode.o
    0x08005c0c   0x08005c0c   0x00000058   Code   RO         8149    i.ff_uni2oem        ffunicode.o
    0x08005c64   0x08005c64   0x00000094   Code   RO         8150    i.ff_wtoupper       ffunicode.o
    0x08005cf8   0x08005cf8   0x00000062   Code   RO         7840    i.find_volume       ff.o
    0x08005d5a   0x08005d5a   0x00000080   Code   RO         7841    i.follow_path       ff.o
    0x08005dda   0x08005dda   0x00000002   PAD
    0x08005ddc   0x08005ddc   0x00000010   Code   RO          505    i.fputc             usart1.o
    0x08005dec   0x08005dec   0x0000009c   Code   RO         7842    i.gen_numname       ff.o
    0x08005e88   0x08005e88   0x000000ee   Code   RO         7843    i.get_fat           ff.o
    0x08005f76   0x08005f76   0x00000004   Code   RO         8182    i.get_fattime       diskio.o
    0x08005f7a   0x08005f7a   0x00000040   Code   RO         7845    i.get_ldnumber      ff.o
    0x08005fba   0x08005fba   0x00000026   Code   RO         7846    i.ld_clust          ff.o
    0x08005fe0   0x08005fe0   0x00000016   Code   RO         7847    i.ld_dword          ff.o
    0x08005ff6   0x08005ff6   0x0000000a   Code   RO         7848    i.ld_word           ff.o
    0x08006000   0x08006000   0x00000144   Code   RO          337    i.main              main.o
    0x08006144   0x08006144   0x00000018   Code   RO         7849    i.mem_cmp           ff.o
    0x0800615c   0x0800615c   0x00000012   Code   RO         7850    i.mem_cpy           ff.o
    0x0800616e   0x0800616e   0x0000000c   Code   RO         7851    i.mem_set           ff.o
    0x0800617a   0x0800617a   0x00000002   PAD
    0x0800617c   0x0800617c   0x00000280   Code   RO         7852    i.mount_volume      ff.o
    0x080063fc   0x080063fc   0x00000034   Code   RO         7853    i.move_window       ff.o
    0x08006430   0x08006430   0x00000070   Code   RO         1685    i.prvAddCurrentTaskToDelayedList  tasks.o
    0x080064a0   0x080064a0   0x0000008c   Code   RO         1686    i.prvAddNewTaskToReadyList  tasks.o
    0x0800652c   0x0800652c   0x00000050   Code   RO         2022    i.prvCheckForValidListAndQueue  timers.o
    0x0800657c   0x0800657c   0x00000054   Code   RO         1687    i.prvCheckTasksWaitingTermination  tasks.o
    0x080065d0   0x080065d0   0x00000028   Code   RO         1490    i.prvCopyDataFromQueue  queue.o
    0x080065f8   0x080065f8   0x0000006e   Code   RO         1491    i.prvCopyDataToQueue  queue.o
    0x08006666   0x08006666   0x00000014   Code   RO         1688    i.prvDeleteTCB      tasks.o
    0x0800667a   0x0800667a   0x00000002   PAD
    0x0800667c   0x0800667c   0x00000024   Code   RO         2023    i.prvGetNextExpireTime  timers.o
    0x080066a0   0x080066a0   0x0000004c   Code   RO         2152    i.prvHeapInit       heap_4.o
    0x080066ec   0x080066ec   0x00000028   Code   RO         1689    i.prvIdleTask       tasks.o
    0x08006714   0x08006714   0x00000018   Code   RO         1492    i.prvInitialiseMutex  queue.o
    0x0800672c   0x0800672c   0x00000022   Code   RO         1493    i.prvInitialiseNewQueue  queue.o
    0x0800674e   0x0800674e   0x0000009a   Code   RO         1690    i.prvInitialiseNewTask  tasks.o
    0x080067e8   0x080067e8   0x00000058   Code   RO         1691    i.prvInitialiseTaskLists  tasks.o
    0x08006840   0x08006840   0x00000054   Code   RO         2153    i.prvInsertBlockIntoFreeList  heap_4.o
    0x08006894   0x08006894   0x00000040   Code   RO         2025    i.prvInsertTimerInActiveList  timers.o
    0x080068d4   0x080068d4   0x0000001a   Code   RO         1494    i.prvIsQueueEmpty   queue.o
    0x080068ee   0x080068ee   0x0000001e   Code   RO         1495    i.prvIsQueueFull    queue.o
    0x0800690c   0x0800690c   0x0000005c   Code   RO         2026    i.prvProcessExpiredTimer  timers.o
    0x08006968   0x08006968   0x000000b8   Code   RO         2027    i.prvProcessReceivedCommands  timers.o
    0x08006a20   0x08006a20   0x0000006c   Code   RO         2028    i.prvProcessTimerOrBlockTask  timers.o
    0x08006a8c   0x08006a8c   0x00000024   Code   RO         1693    i.prvResetNextTaskUnblockTime  tasks.o
    0x08006ab0   0x08006ab0   0x0000002c   Code   RO         2029    i.prvSampleTimeNow  timers.o
    0x08006adc   0x08006adc   0x0000006c   Code   RO         2030    i.prvSwitchTimerLists  timers.o
    0x08006b48   0x08006b48   0x0000002c   Code   RO         2202    i.prvTaskExitError  port.o
    0x08006b74   0x08006b74   0x00000014   Code   RO         2031    i.prvTimerTask      timers.o
    0x08006b88   0x08006b88   0x0000006a   Code   RO         1496    i.prvUnlockQueue    queue.o
    0x08006bf2   0x08006bf2   0x00000132   Code   RO         7855    i.put_fat           ff.o
    0x08006d24   0x08006d24   0x00000074   Code   RO         7856    i.put_lfn           ff.o
    0x08006d98   0x08006d98   0x000000d4   Code   RO         2154    i.pvPortMalloc      heap_4.o
    0x08006e6c   0x08006e6c   0x00000018   Code   RO         1696    i.pvTaskIncrementMutexHeldCount  tasks.o
    0x08006e84   0x08006e84   0x00000024   Code   RO         2203    i.pxPortInitialiseStack  port.o
    0x08006ea8   0x08006ea8   0x00000078   Code   RO         7858    i.remove_chain      ff.o
    0x08006f20   0x08006f20   0x00000028   Code   RO         7859    i.st_clust          ff.o
    0x08006f48   0x08006f48   0x00000010   Code   RO         7860    i.st_dword          ff.o
    0x08006f58   0x08006f58   0x00000008   Code   RO         7861    i.st_word           ff.o
    0x08006f60   0x08006f60   0x0000001a   Code   RO         7862    i.sum_sfn           ff.o
    0x08006f7a   0x08006f7a   0x00000002   PAD
    0x08006f7c   0x08006f7c   0x00000088   Code   RO         7863    i.sync_fs           ff.o
    0x08007004   0x08007004   0x00000048   Code   RO         7864    i.sync_window       ff.o
    0x0800704c   0x0800704c   0x0000004a   Code   RO         7865    i.tchar2uni         ff.o
    0x08007096   0x08007096   0x00000002   PAD
    0x08007098   0x08007098   0x00000014   Code   RO         7164    i.uart_data_clear   uart.o
    0x080070ac   0x080070ac   0x00000058   Code   RO         7167    i.uart_data_write   uart.o
    0x08007104   0x08007104   0x000000fc   Code   RO         7168    i.uart_open         uart.o
    0x08007200   0x08007200   0x00000170   Code   RO         7291    i.usb_msc_test      system.o
    0x08007370   0x08007370   0x00000024   Code   RO         1453    i.uxListRemove      list.o
    0x08007394   0x08007394   0x00000016   Code   RO         1454    i.vListInitialise   list.o
    0x080073aa   0x080073aa   0x00000006   Code   RO         1455    i.vListInitialiseItem  list.o
    0x080073b0   0x080073b0   0x00000030   Code   RO         1456    i.vListInsert       list.o
    0x080073e0   0x080073e0   0x00000018   Code   RO         1457    i.vListInsertEnd    list.o
    0x080073f8   0x080073f8   0x00000040   Code   RO         2205    i.vPortEnterCritical  port.o
    0x08007438   0x08007438   0x0000002c   Code   RO         2206    i.vPortExitCritical  port.o
    0x08007464   0x08007464   0x0000005c   Code   RO         2155    i.vPortFree         heap_4.o
    0x080074c0   0x080074c0   0x00000020   Code   RO         2207    i.vPortSetupTimerInterrupt  port.o
    0x080074e0   0x080074e0   0x00000054   Code   RO         2208    i.vPortValidateInterruptPriority  port.o
    0x08007534   0x08007534   0x00000024   Code   RO         1502    i.vQueueAddToRegistry  queue.o
    0x08007558   0x08007558   0x00000046   Code   RO         1506    i.vQueueWaitForMessageRestricted  queue.o
    0x0800759e   0x0800759e   0x00000002   PAD
    0x080075a0   0x080075a0   0x00000050   Code   RO         1704    i.vTaskDelay        tasks.o
    0x080075f0   0x080075f0   0x0000000c   Code   RO         1709    i.vTaskMissedYield  tasks.o
    0x080075fc   0x080075fc   0x00000034   Code   RO         1711    i.vTaskPlaceOnEventList  tasks.o
    0x08007630   0x08007630   0x0000003c   Code   RO         1712    i.vTaskPlaceOnEventListRestricted  tasks.o
    0x0800766c   0x0800766c   0x00000088   Code   RO         1714    i.vTaskPriorityInherit  tasks.o
    0x080076f4   0x080076f4   0x00000024   Code   RO         1718    i.vTaskSetTimeOutState  tasks.o
    0x08007718   0x08007718   0x00000070   Code   RO         1719    i.vTaskStartScheduler  tasks.o
    0x08007788   0x08007788   0x00000010   Code   RO         1721    i.vTaskSuspendAll   tasks.o
    0x08007798   0x08007798   0x00000060   Code   RO         1722    i.vTaskSwitchContext  tasks.o
    0x080077f8   0x080077f8   0x00000036   Code   RO         7866    i.validate          ff.o
    0x0800782e   0x0800782e   0x00000002   PAD
    0x08007830   0x08007830   0x000000e0   Code   RO         2209    i.xPortStartScheduler  port.o
    0x08007910   0x08007910   0x0000002c   Code   RO         2210    i.xPortSysTickHandler  port.o
    0x0800793c   0x0800793c   0x00000018   Code   RO         1508    i.xQueueCreateMutex  queue.o
    0x08007954   0x08007954   0x00000044   Code   RO         1509    i.xQueueGenericCreate  queue.o
    0x08007998   0x08007998   0x00000188   Code   RO         1510    i.xQueueGenericReceive  queue.o
    0x08007b20   0x08007b20   0x0000008c   Code   RO         1511    i.xQueueGenericReset  queue.o
    0x08007bac   0x08007bac   0x00000164   Code   RO         1512    i.xQueueGenericSend  queue.o
    0x08007d10   0x08007d10   0x000000be   Code   RO         1513    i.xQueueGenericSendFromISR  queue.o
    0x08007dce   0x08007dce   0x00000002   PAD
    0x08007dd0   0x08007dd0   0x00000074   Code   RO         1723    i.xTaskCheckForTimeOut  tasks.o
    0x08007e44   0x08007e44   0x00000060   Code   RO         1724    i.xTaskCreate       tasks.o
    0x08007ea4   0x08007ea4   0x0000001c   Code   RO         1728    i.xTaskGetSchedulerState  tasks.o
    0x08007ec0   0x08007ec0   0x0000000c   Code   RO         1729    i.xTaskGetTickCount  tasks.o
    0x08007ecc   0x08007ecc   0x000000cc   Code   RO         1731    i.xTaskIncrementTick  tasks.o
    0x08007f98   0x08007f98   0x00000098   Code   RO         1734    i.xTaskPriorityDisinherit  tasks.o
    0x08008030   0x08008030   0x0000007c   Code   RO         1735    i.xTaskRemoveFromEventList  tasks.o
    0x080080ac   0x080080ac   0x000000cc   Code   RO         1737    i.xTaskResumeAll    tasks.o
    0x08008178   0x08008178   0x00000050   Code   RO         2035    i.xTimerCreateTimerTask  timers.o
    0x080081c8   0x080081c8   0x00000068   Code   RO         2036    i.xTimerGenericCommand  timers.o
    0x08008230   0x08008230   0x00000005   Data   RO          338    .constdata          main.o
    0x08008235   0x08008235   0x00000003   PAD
    0x08008238   0x08008238   0x0000003c   Data   RO         7868    .constdata          ff.o
    0x08008274   0x08008274   0x0002abb6   Data   RO         8151    .constdata          ffunicode.o
    0x08032e2a   0x08032e2a   0x00000010   Data   RO         8183    .constdata          diskio.o
    0x08032e3a   0x08032e3a   0x00000007   Data   RO         9072    .constdata          usbd_msc_data.o
    0x08032e41   0x08032e41   0x00000008   Data   RO         9073    .constdata          usbd_msc_data.o
    0x08032e49   0x08032e49   0x00000008   Data   RO         9074    .constdata          usbd_msc_data.o
    0x08032e51   0x08032e51   0x00000024   Data   RO         9346    .constdata          usbd_storage_msd.o
    0x08032e75   0x08032e75   0x0000006a   Data   RO         9347    .constdata          usbd_storage_msd.o
    0x08032edf   0x08032edf   0x00000001   PAD
    0x08032ee0   0x08032ee0   0x00000041   Data   RO          339    .conststring        main.o
    0x08032f21   0x08032f21   0x00000003   PAD
    0x08032f24   0x08032f24   0x00000020   Data   RO         9931    Region$$Table       anon$$obj.o


    Execution Region RW_IRAM1 (Exec base: 0x20000000, Load base: 0x08032f44, Size: 0x0001e120, Max: 0x00030000, ABSOLUTE, COMPRESSED[0x000000dc])

    Exec Addr    Load Addr    Size         Type   Attr      Idx    E Section Name        Object

    0x20000000   COMPRESSED   0x00000001   Data   RW          507    .data               usart1.o
    0x20000001   COMPRESSED   0x00000003   PAD
    0x20000004   COMPRESSED   0x00000010   Data   RW          903    .data               sdio_sdcard.o
    0x20000014   COMPRESSED   0x00000004   Data   RW         1192    .data               delay.o
    0x20000018   COMPRESSED   0x00000014   Data   RW         1303    .data               system_stm32f4xx.o
    0x2000002c   COMPRESSED   0x0000003c   Data   RW         1740    .data               tasks.o
    0x20000068   COMPRESSED   0x00000014   Data   RW         2042    .data               timers.o
    0x2000007c   COMPRESSED   0x00000018   Data   RW         2160    .data               heap_4.o
    0x20000094   COMPRESSED   0x0000000c   Data   RW         2211    .data               port.o
    0x200000a0   COMPRESSED   0x00000010   Data   RW         5021    .data               stm32f4xx_rcc.o
    0x200000b0   COMPRESSED   0x00000008   Data   RW         7294    .data               system.o
    0x200000b8   COMPRESSED   0x00000004   Data   RW         7647    .data               debug.o
    0x200000bc   COMPRESSED   0x00000002   Data   RW         7870    .data               ff.o
    0x200000be   COMPRESSED   0x00000002   Data   RW         8184    .data               diskio.o
    0x200000c0   COMPRESSED   0x0000002c   Data   RW         8668    .data               usbd_core.o
    0x200000ec   COMPRESSED   0x00000004   Data   RW         8669    .data               usbd_core.o
    0x200000f0   COMPRESSED   0x00000004   Data   RW         8670    .data               usbd_core.o
    0x200000f4   COMPRESSED   0x00000010   Data   RW         8832    .data               usbd_req.o
    0x20000104   COMPRESSED   0x00000004   Data   RW         8931    .data               usbd_msc_bot.o
    0x20000108   COMPRESSED   0x0000002c   Data   RW         9013    .data               usbd_msc_core.o
    0x20000134   COMPRESSED   0x00000022   Data   RW         9014    .data               usbd_msc_core.o
    0x20000156   COMPRESSED   0x00000002   PAD
    0x20000158   COMPRESSED   0x00000020   Data   RW         9115    .data               usbd_msc_scsi.o
    0x20000178   COMPRESSED   0x0000001c   Data   RW         9277    .data               usbd_desc.o
    0x20000194   COMPRESSED   0x00000016   Data   RW         9278    .data               usbd_desc.o
    0x200001aa   COMPRESSED   0x00000001   Data   RW         9348    .data               usbd_storage_msd.o
    0x200001ab   COMPRESSED   0x00000001   PAD
    0x200001ac   COMPRESSED   0x00000020   Data   RW         9349    .data               usbd_storage_msd.o
    0x200001cc   COMPRESSED   0x00000004   Data   RW         9350    .data               usbd_storage_msd.o
    0x200001d0   COMPRESSED   0x00000001   Data   RW         9417    .data               usbd_usr.o
    0x200001d1   COMPRESSED   0x00000003   PAD
    0x200001d4   COMPRESSED   0x0000001c   Data   RW         9418    .data               usbd_usr.o
    0x200001f0   COMPRESSED   0x00000002   Data   RW         9500    .data               w25qxx.o
    0x200001f2   COMPRESSED   0x00000002   PAD
    0x200001f4   COMPRESSED   0x00000004   Data   RW         9894    .data               mc_w.l(stdout.o)
    0x200001f8        -       0x000000c9   Zero   RW          506    .bss                usart1.o
    0x200002c1   COMPRESSED   0x00000003   PAD
    0x200002c4        -       0x00000040   Zero   RW         1521    .bss                queue.o
    0x20000304        -       0x000000c8   Zero   RW         1739    .bss                tasks.o
    0x200003cc        -       0x00000028   Zero   RW         2041    .bss                timers.o
    0x200003f4        -       0x0000c800   Zero   RW         2159    .bss                heap_4.o
    0x2000cbf4        -       0x00000e38   Zero   RW         7172    .bss                uart.o
    0x2000da2c        -       0x00004654   Zero   RW         7292    .bss                system.o
    0x20012080        -       0x0000000c   Zero   RW         7867    .bss                ff.o
    0x2001208c        -       0x00000040   Zero   RW         8831    .bss                usbd_req.o
    0x200120cc        -       0x00003030   Zero   RW         8930    .bss                usbd_msc_bot.o
    0x200150fc        -       0x00000020   Zero   RW         9114    .bss                usbd_msc_scsi.o
    0x2001511c        -       0x00001000   Zero   RW         9499    .bss                w25qxx.o
    0x2001611c   COMPRESSED   0x00000004   PAD
    0x20016120        -       0x00008000   Zero   RW         1338    STACK               startup_stm32f40_41xxx.o


==============================================================================

Image component sizes


      Code (inc. data)   RO Data    RW Data    ZI Data      Debug   Object Name

        28          4          0          4          0        730   debug.o
       184         14          0          4          0       2529   delay.o
       384         70         16          2          0       4865   diskio.o
         0          0          0          0          0       7968   event_groups.o
      8422        164         60          2         12      58972   ff.o
       316         26     175030          0          0       3372   ffunicode.o
         0          0          0          0          0     302308   hc595.o
       464         22          0         24      51200       4587   heap_4.o
       216         10          0          0          0        551   led.o
       136          0          0          0          0       3274   list.o
       324        140         70          0          0        679   main.o
       152         16          0          0          0       2225   misc.o
       754         84          0         12          0      11433   port.o
      1646         18          0          0         64      15417   queue.o
       336         26          0         16          0      12006   sdio_sdcard.o
       276         18          0          0          0       1817   spi.o
        36          8        392          0      32768        852   startup_stm32f40_41xxx.o
       160          0          0          0          0       2366   stm32f4xx_gpio.o
        56          6          0          0          0       3741   stm32f4xx_it.o
       304         46          0         16          0       6125   stm32f4xx_rcc.o
       102          0          0          0          0       3606   stm32f4xx_spi.o
       338          8          0          0          0       4638   stm32f4xx_usart.o
       972        440          0          8      18004      23260   system.o
       276         34          0         20          0       1869   system_stm32f4xx.o
      2234        188          0         60        200      23205   tasks.o
       920         88          0         20         40      17843   timers.o
      1184         68          0          0       3640       7810   uart.o
        80         18          0          1        201       1737   usart1.o
       158         10          0          0          0       2731   usb_bsp.o
      2322         30          0          0          0      22848   usb_core.o
       500          0          0          0          0       7111   usb_dcd.o
      1384         54          0          0          0      10251   usb_dcd_int.o
       634          4          0         52          0      11272   usbd_core.o
       312        152          0         50          0       6080   usbd_desc.o
       152          0          0          0          0       4626   usbd_ioreq.o
       644         98          0          4      12336       9297   usbd_msc_bot.o
       350         14          0         78          0       5441   usbd_msc_core.o
         0          0         23          0          0        873   usbd_msc_data.o
      1684        216          0         32         32      16281   usbd_msc_scsi.o
      1432         56          0         16         64      11923   usbd_req.o
       368        164        142         37          0       6597   usbd_storage_msd.o
       334        258          0         29          0       4398   usbd_usr.o
       718         58          0          2       4096       7441   w25qxx.o

    ----------------------------------------------------------------------
     31340       2630     175772        500     122664     656955   Object Totals
         0          0         32          0          0          0   (incl. Generated)
        48          0          7         11          7          0   (incl. Padding)

    ----------------------------------------------------------------------

      Code (inc. data)   RO Data    RW Data    ZI Data      Debug   Library Member Name

        86          0          0          0          0          0   __dczerorl2.o
         0          0          0          0          0          0   entry.o
         0          0          0          0          0          0   entry10a.o
         0          0          0          0          0          0   entry11a.o
         8          4          0          0          0          0   entry2.o
         4          0          0          0          0          0   entry5.o
         0          0          0          0          0          0   entry7b.o
         0          0          0          0          0          0   entry8b.o
         8          4          0          0          0          0   entry9a.o
        30          0          0          0          0          0   handlers.o
        36          8          0          0          0         68   init.o
        30          0          0          0          0         68   llshl.o
        32          0          0          0          0         68   llushr.o
        36          0          0          0          0         68   memcpya.o
        36          0          0          0          0        108   memseta.o
      1154         54          0          0          0        352   printf8.o
         0          0          0          4          0          0   stdout.o
        32          0          0          0          0         68   strrchr.o
        98          0          0          0          0         92   uldiv.o

    ----------------------------------------------------------------------
      1596         70          0          4          0        892   Library Totals
         6          0          0          0          0          0   (incl. Padding)

    ----------------------------------------------------------------------

      Code (inc. data)   RO Data    RW Data    ZI Data      Debug   Library Name

      1590         70          0          4          0        892   mc_w.l

    ----------------------------------------------------------------------
      1596         70          0          4          0        892   Library Totals

    ----------------------------------------------------------------------

==============================================================================


      Code (inc. data)   RO Data    RW Data    ZI Data      Debug   

     32936       2700     175772        504     122664     624415   Grand Totals
     32936       2700     175772        220     122664     624415   ELF Image Totals (compressed)
     32936       2700     175772        220          0          0   ROM Totals

==============================================================================

    Total RO  Size (Code + RO Data)               208708 ( 203.82kB)
    Total RW  Size (RW Data + ZI Data)            123168 ( 120.28kB)
    Total ROM Size (Code + RO Data + RW Data)     208928 ( 204.03kB)

==============================================================================

