<html>
<body>
<pre>
<h1>µVision Build Log</h1>
<h2>Tool Versions:</h2>
IDE-Version: ¦ÌVision V5.27.1.0
Copyright (C) 2019 ARM Ltd and ARM Germany GmbH. All rights reserved.
License Information: he huacong, sadf, LIC=X96CK-ZXD6C-DY1V3-ADKXU-2PW14-ICZS4
 
Tool Versions:
Toolchain:       MDK-ARM Plus  Version: 5.27.1.0
Toolchain Path:  D:\Keil_v5\ARM\ARMCC\Bin
C Compiler:      Armcc.exe V5.05 update 1 (build 106)
Assembler:       Armasm.exe V5.05 update 1 (build 106)
Linker/Locator:  ArmLink.exe V5.05 update 1 (build 106)
Library Manager: ArmAr.exe V5.05 update 1 (build 106)
Hex Converter:   FromElf.exe V5.05 update 1 (build 106)
CPU DLL:         SARMCM3.DLL V5.27.1.0
Dialog DLL:      DCM.DLL V1.17.2.0
Target DLL:      STLink\ST-LINKIII-KEIL_SWO.dll V3.0.6.0
Dialog DLL:      TCM.DLL V1.36.1.0
 
<h2>Project:</h2>
D:\git_project\STM32_PROJECT\STM32+FATFS+USB(MSC_DEVICE)\Project\STM32F407_USB_MSC_DEVICE.uvprojx
Project File Date:  04/16/2021

<h2>Output:</h2>
*** Using Compiler 'V5.05 update 1 (build 106)', folder: 'D:\Keil_v5\ARM\ARMCC\Bin'
Rebuild target 'Target 1'
compiling rtc.c...
compiling key.c...
compiling spi.c...
compiling hc595.c...
compiling main.c...
compiling led.c...
compiling systick.c...
compiling usart1.c...
compiling usart2.c...
compiling w25q64.c...
compiling sdio_sdcard.c...
compiling dma.c...
compiling ili9486.c...
assembling startup_stm32f40_41xxx.s...
compiling croutine.c...
compiling lcd.c...
compiling list.c...
compiling event_groups.c...
compiling queue.c...
compiling stm32f4xx_it.c...
compiling sys.c...
compiling delay.c...
compiling timers.c...
compiling tasks.c...
compiling heap_4.c...
compiling system_stm32f4xx.c...
compiling port.c...
compiling misc.c...
compiling stm32f4xx_crc.c...
compiling stm32f4xx_adc.c...
compiling stm32f4xx_can.c...
compiling stm32f4xx_cryp_aes.c...
compiling stm32f4xx_cryp.c...
compiling stm32f4xx_cryp_des.c...
compiling stm32f4xx_cryp_tdes.c...
compiling stm32f4xx_dbgmcu.c...
compiling stm32f4xx_dac.c...
compiling stm32f4xx_dcmi.c...
compiling stm32f4xx_dma2d.c...
compiling stm32f4xx_dma.c...
compiling stm32f4xx_exti.c...
compiling stm32f4xx_flash.c...
compiling stm32f4xx_flash_ramfunc.c...
compiling stm32f4xx_fsmc.c...
compiling stm32f4xx_gpio.c...
compiling stm32f4xx_hash_md5.c...
compiling stm32f4xx_hash.c...
compiling stm32f4xx_hash_sha1.c...
compiling stm32f4xx_iwdg.c...
compiling stm32f4xx_ltdc.c...
compiling stm32f4xx_i2c.c...
compiling stm32f4xx_pwr.c...
compiling stm32f4xx_rng.c...
compiling stm32f4xx_rcc.c...
compiling stm32f4xx_rtc.c...
compiling stm32f4xx_syscfg.c...
compiling stm32f4xx_spi.c...
compiling stm32f4xx_sai.c...
compiling stm32f4xx_sdio.c...
compiling stm32f4xx_wwdg.c...
compiling stm32f4xx_usart.c...
compiling debug.c...
compiling ffsystem.c...
compiling ff.c...
compiling ffunicode.c...
compiling stm32f4xx_tim.c...
compiling uart.c...
compiling system.c...
compiling wifi.c...
compiling sdk.c...
compiling diskio.c...
compiling usb_core.c...
compiling usb_dcd.c...
compiling usbd_req.c...
compiling usbd_ioreq.c...
compiling usb_dcd_int.c...
compiling usbd_core.c...
compiling usbd_msc_bot.c...
compiling usbd_msc_data.c...
compiling usbd_msc_core.c...
compiling usbd_desc.c...
compiling usbd_msc_scsi.c...
compiling usbd_storage_msd.c...
compiling usb_bsp.c...
compiling w25qxx.c...
compiling usbd_usr.c...
linking...
Program Size: Code=32936 RO-data=175772 RW-data=504 ZI-data=122664  
FromELF: creating hex file...
".\Objects\STM32F407_USB_MSC_DEVICE.axf" - 0 Error(s), 0 Warning(s).

<h2>Software Packages used:</h2>

Package Vendor: Keil
                http://www.keil.com/pack/Keil.STM32F4xx_DFP.2.14.0.pack
                Keil.STM32F4xx_DFP.2.14.0
                STMicroelectronics STM32F4 Series Device Support, Drivers and Examples

<h2>Collection of Component include folders:</h2>
  .\RTE\_Target_1
  D:\Keil_v5\Arm\Packs\Keil\STM32F4xx_DFP\2.14.0\Drivers\CMSIS\Device\ST\STM32F4xx\Include

<h2>Collection of Component Files used:</h2>
Build Time Elapsed:  00:00:27
</pre>
</body>
</html>
